Component: ARM Compiler 5.06 update 5 (build 528) Tool: armlink [4d35e2]

==============================================================================

Section Cross References

    startup_stm32f407xx.o(STACK) refers (Special) to heapauxi.o(.text) for __use_two_region_memory
    startup_stm32f407xx.o(HEAP) refers (Special) to heapauxi.o(.text) for __use_two_region_memory
    startup_stm32f407xx.o(RESET) refers (Special) to heapauxi.o(.text) for __use_two_region_memory
    startup_stm32f407xx.o(RESET) refers to startup_stm32f407xx.o(STACK) for __initial_sp
    startup_stm32f407xx.o(RESET) refers to startup_stm32f407xx.o(.text) for Reset_Handler
    startup_stm32f407xx.o(RESET) refers to system.o(i.SysTick_Handler) for SysTick_Handler
    startup_stm32f407xx.o(RESET) refers to exti.o(i.EXTI0_IRQHandler) for EXTI0_IRQHandler
    startup_stm32f407xx.o(RESET) refers to exti.o(i.EXTI1_IRQHandler) for EXTI1_IRQHandler
    startup_stm32f407xx.o(RESET) refers to exti.o(i.EXTI2_IRQHandler) for EXTI2_IRQHandler
    startup_stm32f407xx.o(RESET) refers to exti.o(i.EXTI3_IRQHandler) for EXTI3_IRQHandler
    startup_stm32f407xx.o(RESET) refers to exti.o(i.EXTI4_IRQHandler) for EXTI4_IRQHandler
    startup_stm32f407xx.o(RESET) refers to exti.o(i.EXTI9_5_IRQHandler) for EXTI9_5_IRQHandler
    startup_stm32f407xx.o(RESET) refers to serial_uart_stm32f4xx.o(i.USART1_IRQHandler) for USART1_IRQHandler
    startup_stm32f407xx.o(RESET) refers to serial_uart_stm32f4xx.o(i.USART2_IRQHandler) for USART2_IRQHandler
    startup_stm32f407xx.o(RESET) refers to serial_uart_stm32f4xx.o(i.USART3_IRQHandler) for USART3_IRQHandler
    startup_stm32f407xx.o(RESET) refers to exti.o(i.EXTI15_10_IRQHandler) for EXTI15_10_IRQHandler
    startup_stm32f407xx.o(RESET) refers to serial_uart_stm32f4xx.o(i.USART6_IRQHandler) for USART6_IRQHandler
    startup_stm32f407xx.o(.text) refers (Special) to heapauxi.o(.text) for __use_two_region_memory
    startup_stm32f407xx.o(.text) refers to system_stm32f4xx.o(i.SystemInit) for SystemInit
    startup_stm32f407xx.o(.text) refers to __main.o(!!!main) for __main
    startup_stm32f407xx.o(.text) refers to startup_stm32f407xx.o(HEAP) for Heap_Mem
    startup_stm32f407xx.o(.text) refers to startup_stm32f407xx.o(STACK) for Stack_Mem
    stm32f4xx_flash.o(i.FLASH_EraseAllBank1Sectors) refers to stm32f4xx_flash.o(i.FLASH_WaitForLastOperation) for FLASH_WaitForLastOperation
    stm32f4xx_flash.o(i.FLASH_EraseAllBank2Sectors) refers to stm32f4xx_flash.o(i.FLASH_WaitForLastOperation) for FLASH_WaitForLastOperation
    stm32f4xx_flash.o(i.FLASH_EraseAllSectors) refers to stm32f4xx_flash.o(i.FLASH_WaitForLastOperation) for FLASH_WaitForLastOperation
    stm32f4xx_flash.o(i.FLASH_EraseSector) refers to stm32f4xx_flash.o(i.FLASH_WaitForLastOperation) for FLASH_WaitForLastOperation
    stm32f4xx_flash.o(i.FLASH_OB_Launch) refers to stm32f4xx_flash.o(i.FLASH_WaitForLastOperation) for FLASH_WaitForLastOperation
    stm32f4xx_flash.o(i.FLASH_OB_PCROP1Config) refers to stm32f4xx_flash.o(i.FLASH_WaitForLastOperation) for FLASH_WaitForLastOperation
    stm32f4xx_flash.o(i.FLASH_OB_PCROPConfig) refers to stm32f4xx_flash.o(i.FLASH_WaitForLastOperation) for FLASH_WaitForLastOperation
    stm32f4xx_flash.o(i.FLASH_OB_RDPConfig) refers to stm32f4xx_flash.o(i.FLASH_WaitForLastOperation) for FLASH_WaitForLastOperation
    stm32f4xx_flash.o(i.FLASH_OB_UserConfig) refers to stm32f4xx_flash.o(i.FLASH_WaitForLastOperation) for FLASH_WaitForLastOperation
    stm32f4xx_flash.o(i.FLASH_OB_WRP1Config) refers to stm32f4xx_flash.o(i.FLASH_WaitForLastOperation) for FLASH_WaitForLastOperation
    stm32f4xx_flash.o(i.FLASH_OB_WRPConfig) refers to stm32f4xx_flash.o(i.FLASH_WaitForLastOperation) for FLASH_WaitForLastOperation
    stm32f4xx_flash.o(i.FLASH_ProgramByte) refers to stm32f4xx_flash.o(i.FLASH_WaitForLastOperation) for FLASH_WaitForLastOperation
    stm32f4xx_flash.o(i.FLASH_ProgramDoubleWord) refers to stm32f4xx_flash.o(i.FLASH_WaitForLastOperation) for FLASH_WaitForLastOperation
    stm32f4xx_flash.o(i.FLASH_ProgramHalfWord) refers to stm32f4xx_flash.o(i.FLASH_WaitForLastOperation) for FLASH_WaitForLastOperation
    stm32f4xx_flash.o(i.FLASH_ProgramWord) refers to stm32f4xx_flash.o(i.FLASH_WaitForLastOperation) for FLASH_WaitForLastOperation
    stm32f4xx_flash.o(i.FLASH_WaitForLastOperation) refers to stm32f4xx_flash.o(i.FLASH_GetStatus) for FLASH_GetStatus
    stm32f4xx_gpio.o(i.GPIO_DeInit) refers to stm32f4xx_rcc.o(i.RCC_AHB1PeriphResetCmd) for RCC_AHB1PeriphResetCmd
    stm32f4xx_i2c.o(i.I2C_DeInit) refers to stm32f4xx_rcc.o(i.RCC_APB1PeriphResetCmd) for RCC_APB1PeriphResetCmd
    stm32f4xx_i2c.o(i.I2C_Init) refers to stm32f4xx_rcc.o(i.RCC_GetClocksFreq) for RCC_GetClocksFreq
    stm32f4xx_rcc.o(i.RCC_GetClocksFreq) refers to stm32f4xx_rcc.o(.data) for .data
    stm32f4xx_rcc.o(i.RCC_WaitForHSEStartUp) refers to stm32f4xx_rcc.o(i.RCC_GetFlagStatus) for RCC_GetFlagStatus
[...]
    gyroADC                                  0x200017e0   Data          12  gyro.o(.bss)
    softLpfFilter                            0x200017ec   Data          12  gyro.o(.bss)
    notchFilter1                             0x200017f8   Data          12  gyro.o(.bss)
    notchFilter2                             0x20001804   Data          12  gyro.o(.bss)
    .bss                                     0x20001810   Section       64  acceleration.o(.bss)
    .bss                                     0x20001850   Section       96  libspace.o(.bss)
    HEAP                                     0x200018b0   Section      512  startup_stm32f407xx.o(HEAP)
    Heap_Mem                                 0x200018b0   Data         512  startup_stm32f407xx.o(HEAP)
    STACK                                    0x20001ab0   Section     1024  startup_stm32f407xx.o(STACK)
    Stack_Mem                                0x20001ab0   Data        1024  startup_stm32f407xx.o(STACK)
    __initial_sp                             0x20001eb0   Data           0  startup_stm32f407xx.o(STACK)

    Global Symbols

    Symbol Name                              Value     Ov Type        Size  Object(Section)

    BuildAttributes$$THM_ISAv4$E$P$D$K$B$S$7EM$VFPi3$EXTD16$VFPS$VFMA$PE$A:L22UL41UL21$X:L11$S22US41US21$IEEE1$IW$USESV6$~STKCKD$USESV7$~SHL$OTIME$ROPI$IEEEX$EBA8$UX$STANDARDLIB$REQ8$PRES8$EABIv2 0x00000000   Number         0  anon$$obj.o ABSOLUTE
    __ARM_use_no_argv                        0x00000000   Number         0  main.o ABSOLUTE
    _printf_flags                            0x00000000   Number         0  printf_stubs.o ABSOLUTE
    _printf_return_value                     0x00000000   Number         0  printf_stubs.o ABSOLUTE
    _printf_sizespec                         0x00000000   Number         0  printf_stubs.o ABSOLUTE
    _printf_widthprec                        0x00000000   Number         0  printf_stubs.o ABSOLUTE
    __ARM_exceptions_init                     - Undefined Weak Reference
    __alloca_initialize                       - Undefined Weak Reference
    __arm_preinit_                            - Undefined Weak Reference
    __cpp_initialize__aeabi_                  - Undefined Weak Reference
    __cxa_finalize                            - Undefined Weak Reference
    __sigvec_lookup                           - Undefined Weak Reference
    _atexit_init                              - Undefined Weak Reference
    _call_atexit_fns                          - Undefined Weak Reference
    _clock_init                               - Undefined Weak Reference
    _fp_trap_init                             - Undefined Weak Reference
    _fp_trap_shutdown                         - Undefined Weak Reference
    _get_lc_collate                           - Undefined Weak Reference
    _get_lc_ctype                             - Undefined Weak Reference
    _get_lc_monetary                          - Undefined Weak Reference
    _get_lc_time                              - Undefined Weak Reference
    _getenv_init                              - Undefined Weak Reference
    _handle_redirection                       - Undefined Weak Reference
    _init_alloc                               - Undefined Weak Reference
    _init_user_alloc                          - Undefined Weak Reference
    _initio                                   - Undefined Weak Reference
    _mutex_acquire                            - Undefined Weak Reference
    _mutex_release                            - Undefined Weak Reference
    _printf_mbtowc                            - Undefined Weak Reference
    _printf_post_padding                      - Undefined Weak Reference
    _printf_pre_padding                       - Undefined Weak Reference
    _printf_truncate_signed                   - Undefined Weak Reference
    _printf_truncate_unsigned                 - Undefined Weak Reference
    _rand_init                                - Undefined Weak Reference
    _signal_finish                            - Undefined Weak Reference
    _signal_init                              - Undefined Weak Reference
    _terminate_alloc                          - Undefined Weak Reference
    _terminate_user_alloc                     - Undefined Weak Reference
    _terminateio                              - Undefined Weak Reference
    __Vectors_Size                           0x00000188   Number         0  startup_stm32f407xx.o ABSOLUTE
    __Vectors                                0x08000000   Data           4  startup_stm32f407xx.o(RESET)
    __Vectors_End                            0x08000188   Data           0  startup_stm32f407xx.o(RESET)
    __main                                   0x08000189   Thumb Code     8  __main.o(!!!main)
    __scatterload                            0x08000191   Thumb Code     0  __scatter.o(!!!scatter)
    __scatterload_rt2                        0x08000191   Thumb Code    44  __scatter.o(!!!scatter)
    __scatterload_rt2_thumb_only             0x08000191   Thumb Code     0  __scatter.o(!!!scatter)
    __scatterload_null                       0x0800019f   Thumb Code     0  __scatter.o(!!!scatter)
    __decompress                             0x080001c5   Thumb Code    90  __dczerorl2.o(!!dczerorl2)
    __decompress1                            0x080001c5   Thumb Code     0  __dczerorl2.o(!!dczerorl2)
    __scatterload_zeroinit                   0x08000221   Thumb Code    28  __scatter_zi.o(!!handler_zi)
    _printf_f                                0x0800023d   Thumb Code     0  _printf_f.o(.ARM.Collect$$_printf_percent$$00000003)
    _printf_percent                          0x0800023d   Thumb Code     0  _printf_percent.o(.ARM.Collect$$_printf_percent$$00000000)
    _printf_d                                0x08000243   Thumb Code     0  _printf_d.o(.ARM.Collect$$_printf_percent$$00000009)
    _printf_u                                0x08000249   Thumb Code     0  _printf_u.o(.ARM.Collect$$_printf_percent$$0000000A)
    _printf_x                                0x0800024f   Thumb Code     0  _printf_x.o(.ARM.Collect$$_printf_percent$$0000000C)
    _printf_s                                0x08000255   Thumb Code     0  _printf_s.o(.ARM.Collect$$_printf_percent$$00000014)
    _printf_percent_end                      0x0800025b   Thumb Code     0  _printf_percent_end.o(.ARM.Collect$$_printf_percent$$00000017)
    __rt_lib_init                            0x0800025f   Thumb Code     0  libinit.o(.ARM.Collect$$libinit$$00000000)
    __rt_lib_init_fp_1                       0x08000261   Thumb Code     0  libinit2.o(.ARM.Collect$$libinit$$00000001)
    __rt_lib_init_heap_1                     0x08000265   Thumb Code     0  libinit2.o(.ARM.Collect$$libinit$$0000000A)
    __rt_lib_init_lc_common                  0x08000265   Thumb Code     0  libinit2.o(.ARM.Collect$$libinit$$0000000F)
    __rt_lib_init_preinit_1                  0x08000265   Thumb Code     0  libinit2.o(.ARM.Collect$$libinit$$00000004)
    __rt_lib_init_rand_1                     0x08000265   Thumb Code     0  libinit2.o(.ARM.Collect$$libinit$$0000000E)
    __rt_lib_init_user_alloc_1               0x08000265   Thumb Code     0  libinit2.o(.ARM.Collect$$libinit$$0000000C)
    __rt_lib_init_lc_collate_1               0x0800026b   Thumb Code     0  libinit2.o(.ARM.Collect$$libinit$$00000011)
    __rt_lib_init_lc_ctype_1                 0x0800026b   Thumb Code     0  libinit2.o(.ARM.Collect$$libinit$$00000013)
    __rt_lib_init_lc_monetary_1              0x0800026b   Thumb Code     0  libinit2.o(.ARM.Collect$$libinit$$00000015)
    __rt_lib_init_lc_numeric_2               0x0800026b   Thumb Code     0  libinit2.o(.ARM.Collect$$libinit$$00000016)
    __rt_lib_init_alloca_1                   0x08000275   Thumb Code     0  libinit2.o(.ARM.Collect$$libinit$$0000002E)
    __rt_lib_init_argv_1                     0x08000275   Thumb Code     0  libinit2.o(.ARM.Collect$$libinit$$0000002C)
    __rt_lib_init_atexit_1                   0x08000275   Thumb Code     0  libinit2.o(.ARM.Collect$$libinit$$0000001B)
    __rt_lib_init_clock_1                    0x08000275   Thumb Code     0  libinit2.o(.ARM.Collect$$libinit$$00000021)
    __rt_lib_init_cpp_1                      0x08000275   Thumb Code     0  libinit2.o(.ARM.Collect$$libinit$$00000032)
    __rt_lib_init_exceptions_1               0x08000275   Thumb Code     0  libinit2.o(.ARM.Collect$$libinit$$00000030)
    __rt_lib_init_fp_trap_1                  0x08000275   Thumb Code     0  libinit2.o(.ARM.Collect$$libinit$$0000001F)
    __rt_lib_init_getenv_1                   0x08000275   Thumb Code     0  libinit2.o(.ARM.Collect$$libinit$$00000023)
    __rt_lib_init_lc_numeric_1               0x08000275   Thumb Code     0  libinit2.o(.ARM.Collect$$libinit$$00000017)
    __rt_lib_init_lc_time_1                  0x08000275   Thumb Code     0  libinit2.o(.ARM.Collect$$libinit$$00000019)
    __rt_lib_init_return                     0x08000275   Thumb Code     0  libinit2.o(.ARM.Collect$$libinit$$00000033)
    __rt_lib_init_signal_1                   0x08000275   Thumb Code     0  libinit2.o(.ARM.Collect$$libinit$$0000001D)
    __rt_lib_init_stdio_1                    0x08000275   Thumb Code     0  libinit2.o(.ARM.Collect$$libinit$$00000025)
    __rt_lib_shutdown                        0x08000277   Thumb Code     0  libshutdown.o(.ARM.Collect$$libshutdown$$00000000)
    __rt_lib_shutdown_cpp_1                  0x08000279   Thumb Code     0  libshutdown2.o(.ARM.Collect$$libshutdown$$00000002)
    __rt_lib_shutdown_fp_trap_1              0x08000279   Thumb Code     0  libshutdown2.o(.ARM.Collect$$libshutdown$$00000007)
    __rt_lib_shutdown_heap_1                 0x08000279   Thumb Code     0  libshutdown2.o(.ARM.Collect$$libshutdown$$0000000F)
    __rt_lib_shutdown_return                 0x08000279   Thumb Code     0  libshutdown2.o(.ARM.Collect$$libshutdown$$00000010)
    __rt_lib_shutdown_signal_1               0x08000279   Thumb Code     0  libshutdown2.o(.ARM.Collect$$libshutdown$$0000000A)
    __rt_lib_shutdown_stdio_1                0x08000279   Thumb Code     0  libshutdown2.o(.ARM.Collect$$libshutdown$$00000004)
    __rt_lib_shutdown_user_alloc_1           0x08000279   Thumb Code     0  libshutdown2.o(.ARM.Collect$$libshutdown$$0000000C)
    __rt_entry                               0x0800027b   Thumb Code     0  __rtentry.o(.ARM.Collect$$rtentry$$00000000)
    __rt_entry_presh_1                       0x0800027b   Thumb Code     0  __rtentry2.o(.ARM.Collect$$rtentry$$00000002)
    __rt_entry_sh                            0x0800027b   Thumb Code     0  __rtentry4.o(.ARM.Collect$$rtentry$$00000004)
    __rt_entry_li                            0x08000281   Thumb Code     0  __rtentry2.o(.ARM.Collect$$rtentry$$0000000A)
    __rt_entry_postsh_1                      0x08000281   Thumb Code     0  __rtentry2.o(.ARM.Collect$$rtentry$$00000009)
    __rt_entry_main                          0x08000285   Thumb Code     0  __rtentry2.o(.ARM.Collect$$rtentry$$0000000D)
    __rt_entry_postli_1                      0x08000285   Thumb Code     0  __rtentry2.o(.ARM.Collect$$rtentry$$0000000C)
    __rt_exit                                0x0800028d   Thumb Code     0  rtexit.o(.ARM.Collect$$rtexit$$00000000)
    __rt_exit_ls                             0x0800028f   Thumb Code     0  rtexit2.o(.ARM.Collect$$rtexit$$00000003)
    __rt_exit_prels_1                        0x0800028f   Thumb Code     0  rtexit2.o(.ARM.Collect$$rtexit$$00000002)
    __rt_exit_exit                           0x08000293   Thumb Code     0  rtexit2.o(.ARM.Collect$$rtexit$$00000004)
    Reset_Handler                            0x08000299   Thumb Code     8  startup_stm32f407xx.o(.text)
    NMI_Handler                              0x080002a1   Thumb Code     2  startup_stm32f407xx.o(.text)
    HardFault_Handler                        0x080002a3   Thumb Code     2  startup_stm32f407xx.o(.text)
    MemManage_Handler                        0x080002a5   Thumb Code     2  startup_stm32f407xx.o(.text)
    BusFault_Handler                         0x080002a7   Thumb Code     2  startup_stm32f407xx.o(.text)
    UsageFault_Handler                       0x080002a9   Thumb Code     2  startup_stm32f407xx.o(.text)
    SVC_Handler                              0x080002ab   Thumb Code     2  startup_stm32f407xx.o(.text)
    DebugMon_Handler                         0x080002ad   Thumb Code     2  startup_stm32f407xx.o(.text)
    PendSV_Handler                           0x080002af   Thumb Code     2  startup_stm32f407xx.o(.text)
    ADC_IRQHandler                           0x080002b3   Thumb Code     0  startup_stm32f407xx.o(.text)
    CAN1_RX0_IRQHandler                      0x080002b3   Thumb Code     0  startup_stm32f407xx.o(.text)
    CAN1_RX1_IRQHandler                      0x080002b3   Thumb Code     0  startup_stm32f407xx.o(.text)
    CAN1_SCE_IRQHandler                      0x080002b3   Thumb Code     0  startup_stm32f407xx.o(.text)
    CAN1_TX_IRQHandler                       0x080002b3   Thumb Code     0  startup_stm32f407xx.o(.text)
    CAN2_RX0_IRQHandler                      0x080002b3   Thumb Code     0  startup_stm32f407xx.o(.text)
    CAN2_RX1_IRQHandler                      0x080002b3   Thumb Code     0  startup_stm32f407xx.o(.text)
    CAN2_SCE_IRQHandler                      0x080002b3   Thumb Code     0  startup_stm32f407xx.o(.text)
    CAN2_TX_IRQHandler                       0x080002b3   Thumb Code     0  startup_stm32f407xx.o(.text)
    DCMI_IRQHandler                          0x080002b3   Thumb Code     0  startup_stm32f407xx.o(.text)
    DMA1_Stream0_IRQHandler                  0x080002b3   Thumb Code     0  startup_stm32f407xx.o(.text)
    DMA1_Stream1_IRQHandler                  0x080002b3   Thumb Code     0  startup_stm32f407xx.o(.text)
    DMA1_Stream2_IRQHandler                  0x080002b3   Thumb Code     0  startup_stm32f407xx.o(.text)
    DMA1_Stream3_IRQHandler                  0x080002b3   Thumb Code     0  startup_stm32f407xx.o(.text)
    DMA1_Stream4_IRQHandler                  0x080002b3   Thumb Code     0  startup_stm32f407xx.o(.text)
    DMA1_Stream5_IRQHandler                  0x080002b3   Thumb Code     0  startup_stm32f407xx.o(.text)
    DMA1_Stream6_IRQHandler                  0x080002b3   Thumb Code     0  startup_stm32f407xx.o(.text)
    DMA1_Stream7_IRQHandler                  0x080002b3   Thumb Code     0  startup_stm32f407xx.o(.text)
    DMA2_Stream0_IRQHandler                  0x080002b3   Thumb Code     0  startup_stm32f407xx.o(.text)
    DMA2_Stream1_IRQHandler                  0x080002b3   Thumb Code     0  startup_stm32f407xx.o(.text)
    DMA2_Stream2_IRQHandler                  0x080002b3   Thumb Code     0  startup_stm32f407xx.o(.text)
    DMA2_Stream3_IRQHandler                  0x080002b3   Thumb Code     0  startup_stm32f407xx.o(.text)
    DMA2_Stream4_IRQHandler                  0x080002b3   Thumb Code     0  startup_stm32f407xx.o(.text)
    DMA2_Stream5_IRQHandler                  0x080002b3   Thumb Code     0  startup_stm32f407xx.o(.text)
    DMA2_Stream6_IRQHandler                  0x080002b3   Thumb Code     0  startup_stm32f407xx.o(.text)
    DMA2_Stream7_IRQHandler                  0x080002b3   Thumb Code     0  startup_stm32f407xx.o(.text)
    ETH_IRQHandler                           0x080002b3   Thumb Code     0  startup_stm32f407xx.o(.text)
    ETH_WKUP_IRQHandler                      0x080002b3   Thumb Code     0  startup_stm32f407xx.o(.text)
    FLASH_IRQHandler                         0x080002b3   Thumb Code     0  startup_stm32f407xx.o(.text)
    FMC_IRQHandler                           0x080002b3   Thumb Code     0  startup_stm32f407xx.o(.text)
    FPU_IRQHandler                           0x080002b3   Thumb Code     0  startup_stm32f407xx.o(.text)
    HASH_RNG_IRQHandler                      0x080002b3   Thumb Code     0  startup_stm32f407xx.o(.text)
    I2C1_ER_IRQHandler                       0x080002b3   Thumb Code     0  startup_stm32f407xx.o(.text)
    I2C1_EV_IRQHandler                       0x080002b3   Thumb Code     0  startup_stm32f407xx.o(.text)
    I2C2_ER_IRQHandler                       0x080002b3   Thumb Code     0  startup_stm32f407xx.o(.text)
    I2C2_EV_IRQHandler                       0x080002b3   Thumb Code     0  startup_stm32f407xx.o(.text)
    I2C3_ER_IRQHandler                       0x080002b3   Thumb Code     0  startup_stm32f407xx.o(.text)
    I2C3_EV_IRQHandler                       0x080002b3   Thumb Code     0  startup_stm32f407xx.o(.text)
    OTG_FS_IRQHandler                        0x080002b3   Thumb Code     0  startup_stm32f407xx.o(.text)
    OTG_FS_WKUP_IRQHandler                   0x080002b3   Thumb Code     0  startup_stm32f407xx.o(.text)
    OTG_HS_EP1_IN_IRQHandler                 0x080002b3   Thumb Code     0  startup_stm32f407xx.o(.text)
    OTG_HS_EP1_OUT_IRQHandler                0x080002b3   Thumb Code     0  startup_stm32f407xx.o(.text)
    OTG_HS_IRQHandler                        0x080002b3   Thumb Code     0  startup_stm32f407xx.o(.text)
    OTG_HS_WKUP_IRQHandler                   0x080002b3   Thumb Code     0  startup_stm32f407xx.o(.text)
    PVD_IRQHandler                           0x080002b3   Thumb Code     0  startup_stm32f407xx.o(.text)
    RCC_IRQHandler                           0x080002b3   Thumb Code     0  startup_stm32f407xx.o(.text)
    RTC_Alarm_IRQHandler                     0x080002b3   Thumb Code     0  startup_stm32f407xx.o(.text)
    RTC_WKUP_IRQHandler                      0x080002b3   Thumb Code     0  startup_stm32f407xx.o(.text)
    SDIO_IRQHandler                          0x080002b3   Thumb Code     0  startup_stm32f407xx.o(.text)
    SPI1_IRQHandler                          0x080002b3   Thumb Code     0  startup_stm32f407xx.o(.text)
    SPI2_IRQHandler                          0x080002b3   Thumb Code     0  startup_stm32f407xx.o(.text)
    SPI3_IRQHandler                          0x080002b3   Thumb Code     0  startup_stm32f407xx.o(.text)
    TAMP_STAMP_IRQHandler                    0x080002b3   Thumb Code     0  startup_stm32f407xx.o(.text)
    TIM1_BRK_TIM9_IRQHandler                 0x080002b3   Thumb Code     0  startup_stm32f407xx.o(.text)
    TIM1_CC_IRQHandler                       0x080002b3   Thumb Code     0  startup_stm32f407xx.o(.text)
    TIM1_TRG_COM_TIM11_IRQHandler            0x080002b3   Thumb Code     0  startup_stm32f407xx.o(.text)
    TIM1_UP_TIM10_IRQHandler                 0x080002b3   Thumb Code     0  startup_stm32f407xx.o(.text)
    TIM2_IRQHandler                          0x080002b3   Thumb Code     0  startup_stm32f407xx.o(.text)
    TIM3_IRQHandler                          0x080002b3   Thumb Code     0  startup_stm32f407xx.o(.text)
    TIM4_IRQHandler                          0x080002b3   Thumb Code     0  startup_stm32f407xx.o(.text)
    TIM5_IRQHandler                          0x080002b3   Thumb Code     0  startup_stm32f407xx.o(.text)
    TIM6_DAC_IRQHandler                      0x080002b3   Thumb Code     0  startup_stm32f407xx.o(.text)
    TIM7_IRQHandler                          0x080002b3   Thumb Code     0  startup_stm32f407xx.o(.text)
    TIM8_BRK_TIM12_IRQHandler                0x080002b3   Thumb Code     0  startup_stm32f407xx.o(.text)
    TIM8_CC_IRQHandler                       0x080002b3   Thumb Code     0  startup_stm32f407xx.o(.text)
    TIM8_TRG_COM_TIM14_IRQHandler            0x080002b3   Thumb Code     0  startup_stm32f407xx.o(.text)
    TIM8_UP_TIM13_IRQHandler                 0x080002b3   Thumb Code     0  startup_stm32f407xx.o(.text)
    UART4_IRQHandler                         0x080002b3   Thumb Code     0  startup_stm32f407xx.o(.text)
    UART5_IRQHandler                         0x080002b3   Thumb Code     0  startup_stm32f407xx.o(.text)
    WWDG_IRQHandler                          0x080002b3   Thumb Code     0  startup_stm32f407xx.o(.text)
    __user_initial_stackheap                 0x080002b5   Thumb Code     0  startup_stm32f407xx.o(.text)
    __2printf                                0x080002d9   Thumb Code    20  noretval__2printf.o(.text)
    _printf_str                              0x080002f1   Thumb Code    82  _printf_str.o(.text)
    _printf_int_dec                          0x08000345   Thumb Code   104  _printf_dec.o(.text)
    _printf_int_hex                          0x080003bd   Thumb Code    84  _printf_hex_int.o(.text)
    _printf_longlong_hex                     0x080003bd   Thumb Code     0  _printf_hex_int.o(.text)
    __printf                                 0x08000415   Thumb Code   270  __printf_wp.o(.text)
    __aeabi_memset                           0x08000523   Thumb Code    16  aeabi_memset.o(.text)
    __aeabi_memclr                           0x08000533   Thumb Code     0  rt_memclr.o(.text)
    __rt_memclr                              0x08000533   Thumb Code    68  rt_memclr.o(.text)
    _memset                                  0x08000537   Thumb Code     0  rt_memclr.o(.text)
    __aeabi_memclr4                          0x08000577   Thumb Code     0  rt_memclr_w.o(.text)
    __aeabi_memclr8                          0x08000577   Thumb Code     0  rt_memclr_w.o(.text)
    __rt_memclr_w                            0x08000577   Thumb Code    78  rt_memclr_w.o(.text)
    _memset_w                                0x0800057b   Thumb Code     0  rt_memclr_w.o(.text)
    __use_two_region_memory                  0x080005c5   Thumb Code     2  heapauxi.o(.text)
    __rt_heap_escrow$2region                 0x080005c7   Thumb Code     2  heapauxi.o(.text)
    __rt_heap_expand$2region                 0x080005c9   Thumb Code     2  heapauxi.o(.text)
    __read_errno                             0x080005cb   Thumb Code    10  _rserrno.o(.text)
    __set_errno                              0x080005d5   Thumb Code    12  _rserrno.o(.text)
    _printf_int_common                       0x080005e1   Thumb Code   178  _printf_intcommon.o(.text)
    __lib_sel_fp_printf                      0x08000693   Thumb Code     2  _printf_fp_dec.o(.text)
    _printf_fp_dec_real                      0x08000845   Thumb Code   620  _printf_fp_dec.o(.text)
    _printf_cs_common                        0x08000ab1   Thumb Code    20  _printf_char.o(.text)
    _printf_char                             0x08000ac5   Thumb Code    16  _printf_char.o(.text)
    _printf_string                           0x08000ad5   Thumb Code     8  _printf_char.o(.text)
    _printf_char_file                        0x08000add   Thumb Code    32  _printf_char_file.o(.text)
    __rt_locale                              0x08000b01   Thumb Code     8  rt_locale_intlibspace.o(.text)
    __aeabi_errno_addr                       0x08000b09   Thumb Code     8  rt_errno_addr_intlibspace.o(.text)
    __errno$intlibspace                      0x08000b09   Thumb Code     0  rt_errno_addr_intlibspace.o(.text)
    __rt_errno_addr$intlibspace              0x08000b09   Thumb Code     0  rt_errno_addr_intlibspace.o(.text)
    _ll_udiv10                               0x08000b11   Thumb Code   138  lludiv10.o(.text)
    _printf_char_common                      0x08000ba7   Thumb Code    32  _printf_char_common.o(.text)
    _printf_fp_infnan                        0x08000bcd   Thumb Code   112  _printf_fp_infnan.o(.text)
    _btod_etento                             0x08000c4d   Thumb Code   224  bigflt0.o(.text)
    ferror                                   0x08000d31   Thumb Code     8  ferror.o(.text)
    __user_libspace                          0x08000d39   Thumb Code     8  libspace.o(.text)
    __user_perproc_libspace                  0x08000d39   Thumb Code     0  libspace.o(.text)
    __user_perthread_libspace                0x08000d39   Thumb Code     0  libspace.o(.text)
    __user_setup_stackheap                   0x08000d41   Thumb Code    74  sys_stackheap_outer.o(.text)
    exit                                     0x08000d8b   Thumb Code    18  exit.o(.text)
    strcmp                                   0x08000d9d   Thumb Code   128  strcmpv7m.o(.text)
    _sys_exit                                0x08000e1d   Thumb Code     8  sys_exit.o(.text)
    __I$use$semihosting                      0x08000e29   Thumb Code     0  use_no_semi.o(.text)
    __use_no_semihosting_swi                 0x08000e29   Thumb Code     2  use_no_semi.o(.text)
    __semihosting_library_function           0x08000e2b   Thumb Code     0  indicate_semi.o(.text)
    _btod_d2e                                0x08000e2b   Thumb Code    62  btod.o(CL$$btod_d2e)
    _d2e_denorm_low                          0x08000e69   Thumb Code    70  btod.o(CL$$btod_d2e_denorm_low)
    _d2e_norm_op1                            0x08000eaf   Thumb Code    96  btod.o(CL$$btod_d2e_norm_op1)
    __btod_div_common                        0x08000f0f   Thumb Code   696  btod.o(CL$$btod_div_common)
    _e2e                                     0x08001247   Thumb Code   220  btod.o(CL$$btod_e2e)
    _btod_ediv                               0x08001323   Thumb Code    42  btod.o(CL$$btod_ediv)
    _btod_emul                               0x0800134d   Thumb Code    42  btod.o(CL$$btod_emul)
    __btod_mult_common                       0x08001377   Thumb Code   580  btod.o(CL$$btod_mult_common)
    CheckEEPROMContainsValidData             0x080015bd   Thumb Code     6  config.o(i.CheckEEPROMContainsValidData)
    CreateDefaultConfig                      0x080015c9   Thumb Code   104  config.o(i.CreateDefaultConfig)
    DMA_Cmd                                  0x08001631   Thumb Code    20  stm32f4xx_dma.o(i.DMA_Cmd)
    DMA_DeInit                               0x08001645   Thumb Code   272  stm32f4xx_dma.o(i.DMA_DeInit)
    DMA_GetCurrDataCounter                   0x08001769   Thumb Code     6  stm32f4xx_dma.o(i.DMA_GetCurrDataCounter)
    DMA_ITConfig                             0x0800176f   Thumb Code    44  stm32f4xx_dma.o(i.DMA_ITConfig)
    DMA_Init                                 0x0800179d   Thumb Code    80  stm32f4xx_dma.o(i.DMA_Init)
    DMA_MemoryTargetConfig                   0x080017f1   Thumb Code    10  stm32f4xx_dma.o(i.DMA_MemoryTargetConfig)
    DMA_SetCurrDataCounter                   0x080017fb   Thumb Code     4  stm32f4xx_dma.o(i.DMA_SetCurrDataCounter)
    DMA_StructInit                           0x080017ff   Thumb Code    34  stm32f4xx_dma.o(i.DMA_StructInit)
    EXTI0_IRQHandler                         0x08001821   Thumb Code     4  exti.o(i.EXTI0_IRQHandler)
    EXTI15_10_IRQHandler                     0x08001825   Thumb Code     4  exti.o(i.EXTI15_10_IRQHandler)
    EXTI1_IRQHandler                         0x08001829   Thumb Code     4  exti.o(i.EXTI1_IRQHandler)
    EXTI2_IRQHandler                         0x0800182d   Thumb Code     4  exti.o(i.EXTI2_IRQHandler)
    EXTI3_IRQHandler                         0x08001831   Thumb Code     4  exti.o(i.EXTI3_IRQHandler)
    EXTI4_IRQHandler                         0x08001835   Thumb Code     4  exti.o(i.EXTI4_IRQHandler)
    EXTI9_5_IRQHandler                       0x08001839   Thumb Code     4  exti.o(i.EXTI9_5_IRQHandler)
    EXTIConfig                               0x0800183d   Thumb Code   132  exti.o(i.EXTIConfig)
    EXTIEnable                               0x080018cd   Thumb Code    28  exti.o(i.EXTIEnable)
    EXTIHandlerInit                          0x080018ed   Thumb Code     4  exti.o(i.EXTIHandlerInit)
    EXTIInit                                 0x080018f1   Thumb Code    32  exti.o(i.EXTIInit)
    EXTI_ClearITPendingBit                   0x08001919   Thumb Code     6  stm32f4xx_exti.o(i.EXTI_ClearITPendingBit)
    EXTI_IRQHandler                          0x08001925   Thumb Code    56  exti.o(i.EXTI_IRQHandler)
    EXTI_Init                                0x08001965   Thumb Code   108  stm32f4xx_exti.o(i.EXTI_Init)
    EnableGPIOClk                            0x080019d5   Thumb Code   110  main.o(i.EnableGPIOClk)
    GPIO_Init                                0x08001a69   Thumb Code   162  stm32f4xx_gpio.o(i.GPIO_Init)
    GPIO_PinAFConfig                         0x08001b0b   Thumb Code    32  stm32f4xx_gpio.o(i.GPIO_PinAFConfig)
    GPIO_StructInit                          0x08001b2b   Thumb Code    18  stm32f4xx_gpio.o(i.GPIO_StructInit)
    IOConfigGPIO                             0x08001b3d   Thumb Code    68  io.o(i.IOConfigGPIO)
    IOConfigGPIOAF                           0x08001b85   Thumb Code    86  io.o(i.IOConfigGPIOAF)
    IOGetByTag                               0x08001be1   Thumb Code    98  io.o(i.IOGetByTag)
    IOGlobalInit                             0x08001c4d   Thumb Code    52  io.o(i.IOGlobalInit)
    IOHi                                     0x08001c8d   Thumb Code    12  io.o(i.IOHi)
    IOInit                                   0x08001c99   Thumb Code     6  io.o(i.IOInit)
    IOLo                                     0x08001c9f   Thumb Code    14  io.o(i.IOLo)
    IOToggle                                 0x08001cad   Thumb Code    20  io.o(i.IOToggle)
    IOWrite                                  0x08001cc1   Thumb Code    18  io.o(i.IOWrite)
    IO_EXTI_Line                             0x08001cd3   Thumb Code    18  io.o(i.IO_EXTI_Line)
    IO_EXTI_PinSource                        0x08001ce5   Thumb Code     4  io.o(i.IO_EXTI_PinSource)
    IO_EXTI_PortSourceGPIO                   0x08001ce9   Thumb Code     4  io.o(i.IO_EXTI_PortSourceGPIO)
    IO_GPIOPinIdx                            0x08001ced   Thumb Code    20  io.o(i.IO_GPIOPinIdx)
    IO_GPIOPortIdx                           0x08001d01   Thumb Code    18  io.o(i.IO_GPIOPortIdx)
    IO_GPIO_PinSource                        0x08001d19   Thumb Code     4  io.o(i.IO_GPIO_PinSource)
    LedInit                                  0x08001d1d   Thumb Code   128  led.o(i.LedInit)
    LedSet                                   0x08001da5   Thumb Code    32  led.o(i.LedSet)
    LedToggle                                0x08001dcd   Thumb Code    10  led.o(i.LedToggle)
    NVIC_Init                                0x08001ddd   Thumb Code    96  misc.o(i.NVIC_Init)
    NVIC_PriorityGroupConfig                 0x08001e41   Thumb Code    10  misc.o(i.NVIC_PriorityGroupConfig)
    RCC_AHB1PeriphClockCmd                   0x08001e55   Thumb Code    18  stm32f4xx_rcc.o(i.RCC_AHB1PeriphClockCmd)
    RCC_AHB1PeriphResetCmd                   0x08001e6d   Thumb Code    18  stm32f4xx_rcc.o(i.RCC_AHB1PeriphResetCmd)
    RCC_AHB2PeriphClockCmd                   0x08001e85   Thumb Code    18  stm32f4xx_rcc.o(i.RCC_AHB2PeriphClockCmd)
    RCC_APB1PeriphClockCmd                   0x08001e9d   Thumb Code    18  stm32f4xx_rcc.o(i.RCC_APB1PeriphClockCmd)
    RCC_APB1PeriphResetCmd                   0x08001eb5   Thumb Code    18  stm32f4xx_rcc.o(i.RCC_APB1PeriphResetCmd)
    RCC_APB2PeriphClockCmd                   0x08001ecd   Thumb Code    18  stm32f4xx_rcc.o(i.RCC_APB2PeriphClockCmd)
    RCC_APB2PeriphResetCmd                   0x08001ee5   Thumb Code    18  stm32f4xx_rcc.o(i.RCC_APB2PeriphResetCmd)
    RCC_ClearFlag                            0x08001efd   Thumb Code    12  stm32f4xx_rcc.o(i.RCC_ClearFlag)
    RCC_ClockCmd                             0x08001f0d   Thumb Code    36  rcc.o(i.RCC_ClockCmd)
    RCC_GetClocksFreq                        0x08001f31   Thumb Code   132  stm32f4xx_rcc.o(i.RCC_GetClocksFreq)
    RCC_ResetCmd                             0x08001fc1   Thumb Code    36  rcc.o(i.RCC_ResetCmd)
    ResetLedStatusConfig                     0x08001fe5   Thumb Code    32  config.o(i.ResetLedStatusConfig)
    ResetSerialConfig                        0x08002005   Thumb Code    56  config.o(i.ResetSerialConfig)
    ResetSerialPinConfig                     0x08002041   Thumb Code    94  config.o(i.ResetSerialPinConfig)
    SPI_Cmd                                  0x080020a5   Thumb Code    20  stm32f4xx_spi.o(i.SPI_Cmd)
    SPI_I2S_DeInit                           0x080020b9   Thumb Code   108  stm32f4xx_spi.o(i.SPI_I2S_DeInit)
    SPI_I2S_GetFlagStatus                    0x0800213d   Thumb Code    14  stm32f4xx_spi.o(i.SPI_I2S_GetFlagStatus)
    SPI_I2S_ReceiveData                      0x0800214b   Thumb Code     4  stm32f4xx_spi.o(i.SPI_I2S_ReceiveData)
    SPI_I2S_SendData                         0x0800214f   Thumb Code     4  stm32f4xx_spi.o(i.SPI_I2S_SendData)
    SPI_Init                                 0x08002153   Thumb Code    56  stm32f4xx_spi.o(i.SPI_Init)
    SYSCFG_EXTILineConfig                    0x0800218d   Thumb Code    42  stm32f4xx_syscfg.o(i.SYSCFG_EXTILineConfig)
    SetSysClock                              0x080021bd   Thumb Code   162  system_stm32f4xx.o(i.SetSysClock)
    SysTick_Handler                          0x08002271   Thumb Code    30  system.o(i.SysTick_Handler)
    SysTick_Init                             0x08002295   Thumb Code    24  system.o(i.SysTick_Init)
    SystemInit                               0x080022b9   Thumb Code    74  system_stm32f4xx.o(i.SystemInit)
    USART1_IRQHandler                        0x08002315   Thumb Code    10  serial_uart_stm32f4xx.o(i.USART1_IRQHandler)
    USART2_IRQHandler                        0x08002325   Thumb Code    10  serial_uart_stm32f4xx.o(i.USART2_IRQHandler)
    USART3_IRQHandler                        0x08002335   Thumb Code    10  serial_uart_stm32f4xx.o(i.USART3_IRQHandler)
    USART6_IRQHandler                        0x08002345   Thumb Code    10  serial_uart_stm32f4xx.o(i.USART6_IRQHandler)
    USART_ClearITPendingBit                  0x08002355   Thumb Code    12  stm32f4xx_usart.o(i.USART_ClearITPendingBit)
    USART_Cmd                                0x08002361   Thumb Code    20  stm32f4xx_usart.o(i.USART_Cmd)
    USART_DMACmd                             0x08002375   Thumb Code    16  stm32f4xx_usart.o(i.USART_DMACmd)
    USART_GetITStatus                        0x08002385   Thumb Code    62  stm32f4xx_usart.o(i.USART_GetITStatus)
    USART_HalfDuplexCmd                      0x080023c3   Thumb Code    20  stm32f4xx_usart.o(i.USART_HalfDuplexCmd)
    USART_ITConfig                           0x080023d7   Thumb Code    48  stm32f4xx_usart.o(i.USART_ITConfig)
    USART_Init                               0x08002409   Thumb Code   164  stm32f4xx_usart.o(i.USART_Init)
    USART_SendData                           0x080024b5   Thumb Code     8  stm32f4xx_usart.o(i.USART_SendData)
    __ARM_fpclassify                         0x080024bd   Thumb Code    48  fpclassify.o(i.__ARM_fpclassify)
    __ARM_fpclassifyf                        0x080024ed   Thumb Code    38  fpclassifyf.o(i.__ARM_fpclassifyf)
    __hardfp_cosf                            0x08002515   Thumb Code   280  cosf.o(i.__hardfp_cosf)
    __hardfp_log2f                           0x08002665   Thumb Code   312  log2f.o(i.__hardfp_log2f)
    __hardfp_powf                            0x080027c9   Thumb Code  1606  powf.o(i.__hardfp_powf)
    __mathlib_powf                           0x080027c9   Thumb Code     0  powf.o(i.__hardfp_powf)
    __hardfp_sinf                            0x08002e2d   Thumb Code   344  sinf.o(i.__hardfp_sinf)
    __hardfp_sqrtf                           0x08002fbd   Thumb Code    58  sqrtf.o(i.__hardfp_sqrtf)
    __mathlib_flt_divzero                    0x08002ff9   Thumb Code    14  funder.o(i.__mathlib_flt_divzero)
    __mathlib_flt_infnan                     0x0800300d   Thumb Code     6  funder.o(i.__mathlib_flt_infnan)
    __mathlib_flt_infnan2                    0x08003013   Thumb Code     6  funder.o(i.__mathlib_flt_infnan2)
    __mathlib_flt_invalid                    0x08003019   Thumb Code    10  funder.o(i.__mathlib_flt_invalid)
    __mathlib_flt_overflow                   0x08003029   Thumb Code    10  funder.o(i.__mathlib_flt_overflow)
    __mathlib_flt_underflow                  0x08003039   Thumb Code    10  funder.o(i.__mathlib_flt_underflow)
    __mathlib_rredf2                         0x08003049   Thumb Code   316  rredf.o(i.__mathlib_rredf2)
    _is_digit                                0x0800319d   Thumb Code    14  __printf_wp.o(i._is_digit)
    biquadFilterApply                        0x080031ab   Thumb Code    66  filter.o(i.biquadFilterApply)
    biquadFilterInit                         0x080031ed   Thumb Code   226  filter.o(i.biquadFilterInit)
    biquadFilterInitLPF                      0x080032dd   Thumb Code    52  filter.o(i.biquadFilterInitLPF)
    delay                                    0x08003311   Thumb Code    22  system.o(i.delay)
    delayMicroseconds                        0x08003329   Thumb Code    24  system.o(i.delayMicroseconds)
    devClear                                 0x08003341   Thumb Code     6  maths.o(i.devClear)
    devPush                                  0x08003349   Thumb Code    82  maths.o(i.devPush)
    devStandardDeviation                     0x080033a1   Thumb Code    14  maths.o(i.devStandardDeviation)
    devVariance                              0x080033b1   Thumb Code    32  maths.o(i.devVariance)
    filterGetNotchQ                          0x080033d5   Thumb Code    88  filter.o(i.filterGetNotchQ)
    findNextSerialPortConfig                 0x0800342d   Thumb Code    36  serial.o(i.findNextSerialPortConfig)
    findSerialPortConfig                     0x08003455   Thumb Code    10  serial.o(i.findSerialPortConfig)
    findSerialPortIndexByIdentifier          0x08003465   Thumb Code    24  serial.o(i.findSerialPortIndexByIdentifier)
    findSerialPortUsageByIdentifier          0x08003481   Thumb Code    36  serial.o(i.findSerialPortUsageByIdentifier)
    fputc                                    0x080034a9   Thumb Code    14  main.o(i.fputc)
    gyroInit                                 0x080034dd   Thumb Code   116  gyro.o(i.gyroInit)
    gyroInitFilters                          0x08003565   Thumb Code   362  gyro.o(i.gyroInitFilters)
    gyroMPU6xxxGetDividerDrops               0x080036ed   Thumb Code     6  gyro_sync.o(i.gyroMPU6xxxGetDividerDrops)
    gyroSetCalibrationCycles                 0x080036f5   Thumb Code    12  gyro.o(i.gyroSetCalibrationCycles)
    gyroSetSampleRate                        0x08003705   Thumb Code    72  gyro_sync.o(i.gyroSetSampleRate)
    gyroUpdate                               0x08003759   Thumb Code   172  gyro.o(i.gyroUpdate)
    isGyroCalibrationComplete                0x08003811   Thumb Code    14  gyro.o(i.isGyroCalibrationComplete)
    isUartTransmitBufferEmpty                0x08003835   Thumb Code    26  serial_uart.o(i.isUartTransmitBufferEmpty)
    main                                     0x08003851   Thumb Code   256  main.o(i.main)
    micros                                   0x08003991   Thumb Code    74  system.o(i.micros)
    microsISR                                0x080039e5   Thumb Code    72  system.o(i.microsISR)
    mpu9250ReadRegister                      0x08003ba5   Thumb Code    54  accgyro_spi_mpu9250.o(i.mpu9250ReadRegister)
    mpu9250ResetGyro                         0x08003be5   Thumb Code    20  accgyro_spi_mpu9250.o(i.mpu9250ResetGyro)
    mpu9250SlowReadRegister                  0x08003bf9   Thumb Code    66  accgyro_spi_mpu9250.o(i.mpu9250SlowReadRegister)
    mpu9250SpiDetect                         0x08003c45   Thumb Code   112  accgyro_spi_mpu9250.o(i.mpu9250SpiDetect)
    mpu9250SpiGyroDetect                     0x08003cd9   Thumb Code    36  accgyro_spi_mpu9250.o(i.mpu9250SpiGyroDetect)
    mpu9250SpiGyroInit                       0x08003d0d   Thumb Code    84  accgyro_spi_mpu9250.o(i.mpu9250SpiGyroInit)
    mpu9250WriteRegister                     0x08003d91   Thumb Code    54  accgyro_spi_mpu9250.o(i.mpu9250WriteRegister)
    mpuCheckDataReady                        0x08003dd1   Thumb Code    18  accgyro_mpu.o(i.mpuCheckDataReady)
    mpuDetect                                0x08003de5   Thumb Code    66  accgyro_mpu.o(i.mpuDetect)
    mpuGyroInit                              0x08003e4d   Thumb Code    72  accgyro_mpu.o(i.mpuGyroInit)
    mpuGyroRead                              0x08003e99   Thumb Code    48  accgyro_mpu.o(i.mpuGyroRead)
    nullFilterApply                          0x08003edb   Thumb Code     2  filter.o(i.nullFilterApply)
    openSerialPort                           0x08003edd   Thumb Code   110  serial.o(i.openSerialPort)
    pt1FilterApply                           0x080040cd   Thumb Code    22  filter.o(i.pt1FilterApply)
    pt1FilterInit                            0x080040e5   Thumb Code    46  filter.o(i.pt1FilterInit)
    rxSerial3TestInit                        0x08004119   Thumb Code    40  rxserial3test.o(i.rxSerial3TestInit)
    rxSerial3TestWrite                       0x08004145   Thumb Code    10  rxserial3test.o(i.rxSerial3TestWrite)
    sensorSet                                0x08004155   Thumb Code    10  runtime_config.o(i.sensorSet)
    sensorsAutodetect                        0x08004165   Thumb Code    26  initialisation.o(i.sensorsAutodetect)
    serialInit                               0x08004185   Thumb Code    38  serial.o(i.serialInit)
    serialUART                               0x080041b9   Thumb Code   264  serial_uart_stm32f4xx.o(i.serialUART)
    serialUART1                              0x080042c9   Thumb Code    12  serial_uart_stm32f4xx.o(i.serialUART1)
    serialUART2                              0x080042d5   Thumb Code    12  serial_uart_stm32f4xx.o(i.serialUART2)
    serialUART3                              0x080042e1   Thumb Code    12  serial_uart_stm32f4xx.o(i.serialUART3)
    serialUART6                              0x080042ed   Thumb Code    12  serial_uart_stm32f4xx.o(i.serialUART6)
    serialWrite                              0x080042f9   Thumb Code     6  serial.o(i.serialWrite)
    spiDeviceByInstance                      0x08004301   Thumb Code    36  bus_spi.o(i.spiDeviceByInstance)
    spiGetErrorCounter                       0x08004331   Thumb Code    24  bus_spi.o(i.spiGetErrorCounter)
    spiInit                                  0x0800434d   Thumb Code    26  bus_spi.o(i.spiInit)
    spiInitDevice                            0x08004369   Thumb Code   258  bus_spi.o(i.spiInitDevice)
    spiResetErrorCounter                     0x08004481   Thumb Code    22  bus_spi.o(i.spiResetErrorCounter)
    spiSetDivisor                            0x0800449d   Thumb Code   138  bus_spi.o(i.spiSetDivisor)
    spiTimeoutUserCallback                   0x08004529   Thumb Code    32  bus_spi.o(i.spiTimeoutUserCallback)
    spiTransfer                              0x0800454d   Thumb Code   146  bus_spi.o(i.spiTransfer)
    spiTransferByte                          0x08004615   Thumb Code    82  bus_spi.o(i.spiTransferByte)
    systemInit                               0x08004669   Thumb Code    70  main.o(i.systemInit)
    targetConfiguration                      0x080046b9   Thumb Code    62  config.o(i.targetConfiguration)
    uartIrqHandler                           0x080046f7   Thumb Code   150  serial_uart_stm32f4xx.o(i.uartIrqHandler)
    uartOpen                                 0x0800478d   Thumb Code   378  serial_uart.o(i.uartOpen)
    uartRead                                 0x08004919   Thumb Code    44  serial_uart.o(i.uartRead)
    uartSetBaudRate                          0x080049d1   Thumb Code     6  serial_uart.o(i.uartSetBaudRate)
    uartSetMode                              0x080049d7   Thumb Code     6  serial_uart.o(i.uartSetMode)
    uartStartTxDMA                           0x080049dd   Thumb Code    74  serial_uart.o(i.uartStartTxDMA)
    uartTotalRxBytesWaiting                  0x08004a27   Thumb Code    24  serial_uart.o(i.uartTotalRxBytesWaiting)
    uartTotalTxBytesFree                     0x08004a3f   Thumb Code    38  serial_uart.o(i.uartTotalTxBytesFree)
    uartWrite                                0x08004a65   Thumb Code    48  serial_uart.o(i.uartWrite)
    verifyMPU9250WriteRegister               0x08004a95   Thumb Code    64  accgyro_spi_mpu9250.o(i.verifyMPU9250WriteRegister)
    _get_lc_numeric                          0x08004ad5   Thumb Code    44  lc_numeric_c.o(locale$$code)
    __fpl_dretinf                            0x08004b01   Thumb Code    12  dretinf.o(x$fpl$dretinf)
    __aeabi_f2d                              0x08004b0d   Thumb Code     0  f2d.o(x$fpl$f2d)
    _f2d                                     0x08004b0d   Thumb Code    86  f2d.o(x$fpl$f2d)
    __fpl_fnaninf                            0x08004b63   Thumb Code   140  fnaninf.o(x$fpl$fnaninf)
    _fp_init                                 0x08004bef   Thumb Code    10  fpinit.o(x$fpl$fpinit)
    __fplib_config_fpu_vfp                   0x08004bf7   Thumb Code     0  fpinit.o(x$fpl$fpinit)
    __fplib_config_pureend_doubles           0x08004bf7   Thumb Code     0  fpinit.o(x$fpl$fpinit)
    _printf_fp_dec                           0x08004bf9   Thumb Code     4  printf1.o(x$fpl$printf1)
    __I$use$fp                               0x08004bfc   Number         0  usenofp.o(x$fpl$usenofp)
    ioPortDefs                               0x08004c1d   Data           6  io.o(.constdata)
    serialPortIdentifiers                    0x08004c2e   Data           4  serial.o(.constdata)
    uartVTable                               0x08004c34   Data          40  serial_uart.o(.constdata)
    Region$$Table$$Base                      0x08005058   Number         0  anon$$obj.o(Region$$Table)
    Region$$Table$$Limit                     0x08005078   Number         0  anon$$obj.o(Region$$Table)
    systemState                              0x20000010   Data           1  main.o(.data)
    __stdout                                 0x20000014   Data           4  main.o(.data)
    SystemCoreClock                          0x20000018   Data           4  system_stm32f4xx.o(.data)
    AHBPrescTable                            0x2000001c   Data          16  system_stm32f4xx.o(.data)
    sysTickUptime                            0x20000030   Data           4  system.o(.data)
    mpuReset                                 0x20001264   Data           4  accgyro_mpu.o(.data)
    detectedSensors                          0x20001274   Data           4  initialisation.o(.data)
    clocks                                   0x2000128c   Data          16  system.o(.bss)
    extiChannelRecs                          0x2000129c   Data          64  exti.o(.bss)
    ioRecs                                   0x200012dc   Data         640  io.o(.bss)
    masterConfig                             0x2000159c   Data         108  config.o(.bss)
    gyro                                     0x20001788   Data          88  gyro.o(.bss)
    acc                                      0x20001810   Data          64  acceleration.o(.bss)
    __libspace_start                         0x20001850   Data          96  libspace.o(.bss)
    __temporary_stack_top$libspace           0x200018b0   Data           0  libspace.o(.bss)



==============================================================================

Memory Map of the image

  Image Entry point : 0x08000189

  Load Region LR_IROM1 (Base: 0x08000000, Size: 0x00006320, Max: 0x00100000, ABSOLUTE, COMPRESSED[0x00005134])

    Execution Region ER_IROM1 (Exec base: 0x08000000, Load base: 0x08000000, Size: 0x00005094, Max: 0x00100000, ABSOLUTE)

    Exec Addr    Load Addr    Size         Type   Attr      Idx    E Section Name        Object

    0x08000000   0x08000000   0x00000188   Data   RO            3    RESET               startup_stm32f407xx.o
    0x08000188   0x08000188   0x00000008   Code   RO         3978  * !!!main             c_w.l(__main.o)
    0x08000190   0x08000190   0x00000034   Code   RO         4318    !!!scatter          c_w.l(__scatter.o)
    0x080001c4   0x080001c4   0x0000005a   Code   RO         4316    !!dczerorl2         c_w.l(__dczerorl2.o)
    0x0800021e   0x0800021e   0x00000002   PAD
    0x08000220   0x08000220   0x0000001c   Code   RO         4320    !!handler_zi        c_w.l(__scatter_zi.o)
    0x0800023c   0x0800023c   0x00000000   Code   RO         3967    .ARM.Collect$$_printf_percent$$00000000  c_w.l(_printf_percent.o)
    0x0800023c   0x0800023c   0x00000006   Code   RO         3966    .ARM.Collect$$_printf_percent$$00000003  c_w.l(_printf_f.o)
    0x08000242   0x08000242   0x00000006   Code   RO         3964    .ARM.Collect$$_printf_percent$$00000009  c_w.l(_printf_d.o)
    0x08000248   0x08000248   0x00000006   Code   RO         3965    .ARM.Collect$$_printf_percent$$0000000A  c_w.l(_printf_u.o)
    0x0800024e   0x0800024e   0x00000006   Code   RO         3963    .ARM.Collect$$_printf_percent$$0000000C  c_w.l(_printf_x.o)
    0x08000254   0x08000254   0x00000006   Code   RO         3962    .ARM.Collect$$_printf_percent$$00000014  c_w.l(_printf_s.o)
    0x0800025a   0x0800025a   0x00000004   Code   RO         4077    .ARM.Collect$$_printf_percent$$00000017  c_w.l(_printf_percent_end.o)
    0x0800025e   0x0800025e   0x00000002   Code   RO         4189    .ARM.Collect$$libinit$$00000000  c_w.l(libinit.o)
    0x08000260   0x08000260   0x00000004   Code   RO         4190    .ARM.Collect$$libinit$$00000001  c_w.l(libinit2.o)
    0x08000264   0x08000264   0x00000000   Code   RO         4193    .ARM.Collect$$libinit$$00000004  c_w.l(libinit2.o)
    0x08000264   0x08000264   0x00000000   Code   RO         4196    .ARM.Collect$$libinit$$0000000A  c_w.l(libinit2.o)
    0x08000264   0x08000264   0x00000000   Code   RO         4198    .ARM.Collect$$libinit$$0000000C  c_w.l(libinit2.o)
    0x08000264   0x08000264   0x00000000   Code   RO         4200    .ARM.Collect$$libinit$$0000000E  c_w.l(libinit2.o)
    0x08000264   0x08000264   0x00000006   Code   RO         4201    .ARM.Collect$$libinit$$0000000F  c_w.l(libinit2.o)
    0x0800026a   0x0800026a   0x00000000   Code   RO         4203    .ARM.Collect$$libinit$$00000011  c_w.l(libinit2.o)
    0x0800026a   0x0800026a   0x00000000   Code   RO         4205    .ARM.Collect$$libinit$$00000013  c_w.l(libinit2.o)
    0x0800026a   0x0800026a   0x00000000   Code   RO         4207    .ARM.Collect$$libinit$$00000015  c_w.l(libinit2.o)
    0x0800026a   0x0800026a   0x0000000a   Code   RO         4208    .ARM.Collect$$libinit$$00000016  c_w.l(libinit2.o)
    0x08000274   0x08000274   0x00000000   Code   RO         4209    .ARM.Collect$$libinit$$00000017  c_w.l(libinit2.o)
    0x08000274   0x08000274   0x00000000   Code   RO         4211    .ARM.Collect$$libinit$$00000019  c_w.l(libinit2.o)
    0x08000274   0x08000274   0x00000000   Code   RO         4213    .ARM.Collect$$libinit$$0000001B  c_w.l(libinit2.o)
    0x08000274   0x08000274   0x00000000   Code   RO         4215    .ARM.Collect$$libinit$$0000001D  c_w.l(libinit2.o)
    0x08000274   0x08000274   0x00000000   Code   RO         4217    .ARM.Collect$$libinit$$0000001F  c_w.l(libinit2.o)
    0x08000274   0x08000274   0x00000000   Code   RO         4219    .ARM.Collect$$libinit$$00000021  c_w.l(libinit2.o)
    0x08000274   0x08000274   0x00000000   Code   RO         4221    .ARM.Collect$$libinit$$00000023  c_w.l(libinit2.o)
    0x08000274   0x08000274   0x00000000   Code   RO         4223    .ARM.Collect$$libinit$$00000025  c_w.l(libinit2.o)
    0x08000274   0x08000274   0x00000000   Code   RO         4227    .ARM.Collect$$libinit$$0000002C  c_w.l(libinit2.o)
    0x08000274   0x08000274   0x00000000   Code   RO         4229    .ARM.Collect$$libinit$$0000002E  c_w.l(libinit2.o)
    0x08000274   0x08000274   0x00000000   Code   RO         4231    .ARM.Collect$$libinit$$00000030  c_w.l(libinit2.o)
    0x08000274   0x08000274   0x00000000   Code   RO         4233    .ARM.Collect$$libinit$$00000032  c_w.l(libinit2.o)
    0x08000274   0x08000274   0x00000002   Code   RO         4234    .ARM.Collect$$libinit$$00000033  c_w.l(libinit2.o)
    0x08000276   0x08000276   0x00000002   Code   RO         4264    .ARM.Collect$$libshutdown$$00000000  c_w.l(libshutdown.o)
    0x08000278   0x08000278   0x00000000   Code   RO         4275    .ARM.Collect$$libshutdown$$00000002  c_w.l(libshutdown2.o)
    0x08000278   0x08000278   0x00000000   Code   RO         4277    .ARM.Collect$$libshutdown$$00000004  c_w.l(libshutdown2.o)
    0x08000278   0x08000278   0x00000000   Code   RO         4280    .ARM.Collect$$libshutdown$$00000007  c_w.l(libshutdown2.o)
    0x08000278   0x08000278   0x00000000   Code   RO         4283    .ARM.Collect$$libshutdown$$0000000A  c_w.l(libshutdown2.o)
    0x08000278   0x08000278   0x00000000   Code   RO         4285    .ARM.Collect$$libshutdown$$0000000C  c_w.l(libshutdown2.o)
    0x08000278   0x08000278   0x00000000   Code   RO         4288    .ARM.Collect$$libshutdown$$0000000F  c_w.l(libshutdown2.o)
    0x08000278   0x08000278   0x00000002   Code   RO         4289    .ARM.Collect$$libshutdown$$00000010  c_w.l(libshutdown2.o)
    0x0800027a   0x0800027a   0x00000000   Code   RO         4066    .ARM.Collect$$rtentry$$00000000  c_w.l(__rtentry.o)
    0x0800027a   0x0800027a   0x00000000   Code   RO         4109    .ARM.Collect$$rtentry$$00000002  c_w.l(__rtentry2.o)
    0x0800027a   0x0800027a   0x00000006   Code   RO         4121    .ARM.Collect$$rtentry$$00000004  c_w.l(__rtentry4.o)
    0x08000280   0x08000280   0x00000000   Code   RO         4111    .ARM.Collect$$rtentry$$00000009  c_w.l(__rtentry2.o)
    0x08000280   0x08000280   0x00000004   Code   RO         4112    .ARM.Collect$$rtentry$$0000000A  c_w.l(__rtentry2.o)
    0x08000284   0x08000284   0x00000000   Code   RO         4114    .ARM.Collect$$rtentry$$0000000C  c_w.l(__rtentry2.o)
    0x08000284   0x08000284   0x00000008   Code   RO         4115    .ARM.Collect$$rtentry$$0000000D  c_w.l(__rtentry2.o)
    0x0800028c   0x0800028c   0x00000002   Code   RO         4235    .ARM.Collect$$rtexit$$00000000  c_w.l(rtexit.o)
    0x0800028e   0x0800028e   0x00000000   Code   RO         4242    .ARM.Collect$$rtexit$$00000002  c_w.l(rtexit2.o)
    0x0800028e   0x0800028e   0x00000004   Code   RO         4243    .ARM.Collect$$rtexit$$00000003  c_w.l(rtexit2.o)
    0x08000292   0x08000292   0x00000006   Code   RO         4244    .ARM.Collect$$rtexit$$00000004  c_w.l(rtexit2.o)
    0x08000298   0x08000298   0x00000040   Code   RO            4    .text               startup_stm32f407xx.o
    0x080002d8   0x080002d8   0x00000018   Code   RO         3913    .text               c_w.l(noretval__2printf.o)
    0x080002f0   0x080002f0   0x00000052   Code   RO         3917    .text               c_w.l(_printf_str.o)
    0x08000342   0x08000342   0x00000002   PAD
    0x08000344   0x08000344   0x00000078   Code   RO         3919    .text               c_w.l(_printf_dec.o)
    0x080003bc   0x080003bc   0x00000058   Code   RO         3924    .text               c_w.l(_printf_hex_int.o)
    0x08000414   0x08000414   0x0000010e   Code   RO         3950    .text               c_w.l(__printf_wp.o)
    0x08000522   0x08000522   0x00000010   Code   RO         3970    .text               c_w.l(aeabi_memset.o)
    0x08000532   0x08000532   0x00000044   Code   RO         3972    .text               c_w.l(rt_memclr.o)
    0x08000576   0x08000576   0x0000004e   Code   RO         3974    .text               c_w.l(rt_memclr_w.o)
    0x080005c4   0x080005c4   0x00000006   Code   RO         3976    .text               c_w.l(heapauxi.o)
    0x080005ca   0x080005ca   0x00000016   Code   RO         4067    .text               c_w.l(_rserrno.o)
    0x080005e0   0x080005e0   0x000000b2   Code   RO         4069    .text               c_w.l(_printf_intcommon.o)
    0x08000692   0x08000692   0x0000041e   Code   RO         4071    .text               c_w.l(_printf_fp_dec.o)
    0x08000ab0   0x08000ab0   0x0000002c   Code   RO         4073    .text               c_w.l(_printf_char.o)
    0x08000adc   0x08000adc   0x00000024   Code   RO         4075    .text               c_w.l(_printf_char_file.o)
    0x08000b00   0x08000b00   0x00000008   Code   RO         4126    .text               c_w.l(rt_locale_intlibspace.o)
    0x08000b08   0x08000b08   0x00000008   Code   RO         4131    .text               c_w.l(rt_errno_addr_intlibspace.o)
    0x08000b10   0x08000b10   0x0000008a   Code   RO         4133    .text               c_w.l(lludiv10.o)
    0x08000b9a   0x08000b9a   0x00000002   PAD
    0x08000b9c   0x08000b9c   0x00000030   Code   RO         4135    .text               c_w.l(_printf_char_common.o)
    0x08000bcc   0x08000bcc   0x00000080   Code   RO         4137    .text               c_w.l(_printf_fp_infnan.o)
    0x08000c4c   0x08000c4c   0x000000e4   Code   RO         4139    .text               c_w.l(bigflt0.o)
    0x08000d30   0x08000d30   0x00000008   Code   RO         4164    .text               c_w.l(ferror.o)
    0x08000d38   0x08000d38   0x00000008   Code   RO         4173    .text               c_w.l(libspace.o)
    0x08000d40   0x08000d40   0x0000004a   Code   RO         4176    .text               c_w.l(sys_stackheap_outer.o)
    0x08000d8a   0x08000d8a   0x00000012   Code   RO         4180    .text               c_w.l(exit.o)
    0x08000d9c   0x08000d9c   0x00000080   Code   RO         4182    .text               c_w.l(strcmpv7m.o)
    0x08000e1c   0x08000e1c   0x0000000c   Code   RO         4254    .text               c_w.l(sys_exit.o)
    0x08000e28   0x08000e28   0x00000002   Code   RO         4265    .text               c_w.l(use_no_semi.o)
    0x08000e2a   0x08000e2a   0x00000000   Code   RO         4267    .text               c_w.l(indicate_semi.o)
    0x08000e2a   0x08000e2a   0x0000003e   Code   RO         4142    CL$$btod_d2e        c_w.l(btod.o)
    0x08000e68   0x08000e68   0x00000046   Code   RO         4144    CL$$btod_d2e_denorm_low  c_w.l(btod.o)
    0x08000eae   0x08000eae   0x00000060   Code   RO         4143    CL$$btod_d2e_norm_op1  c_w.l(btod.o)
    0x08000f0e   0x08000f0e   0x00000338   Code   RO         4152    CL$$btod_div_common  c_w.l(btod.o)
    0x08001246   0x08001246   0x000000dc   Code   RO         4149    CL$$btod_e2e        c_w.l(btod.o)
    0x08001322   0x08001322   0x0000002a   Code   RO         4146    CL$$btod_ediv       c_w.l(btod.o)
    0x0800134c   0x0800134c   0x0000002a   Code   RO         4145    CL$$btod_emul       c_w.l(btod.o)
    0x08001376   0x08001376   0x00000244   Code   RO         4151    CL$$btod_mult_common  c_w.l(btod.o)
    0x080015ba   0x080015ba   0x00000002   PAD
    0x080015bc   0x080015bc   0x0000000c   Code   RO         3441    i.CheckEEPROMContainsValidData  config.o
    0x080015c8   0x080015c8   0x00000068   Code   RO         3442    i.CreateDefaultConfig  config.o
    0x08001630   0x08001630   0x00000014   Code   RO          117    i.DMA_Cmd           stm32f4xx_dma.o
    0x08001644   0x08001644   0x00000124   Code   RO          118    i.DMA_DeInit        stm32f4xx_dma.o
    0x08001768   0x08001768   0x00000006   Code   RO          123    i.DMA_GetCurrDataCounter  stm32f4xx_dma.o
    0x0800176e   0x0800176e   0x0000002c   Code   RO          128    i.DMA_ITConfig      stm32f4xx_dma.o
    0x0800179a   0x0800179a   0x00000002   PAD
    0x0800179c   0x0800179c   0x00000054   Code   RO          129    i.DMA_Init          stm32f4xx_dma.o
    0x080017f0   0x080017f0   0x0000000a   Code   RO          130    i.DMA_MemoryTargetConfig  stm32f4xx_dma.o
    0x080017fa   0x080017fa   0x00000004   Code   RO          132    i.DMA_SetCurrDataCounter  stm32f4xx_dma.o
    0x080017fe   0x080017fe   0x00000022   Code   RO          133    i.DMA_StructInit    stm32f4xx_dma.o
    0x08001820   0x08001820   0x00000004   Code   RO         2062    i.EXTI0_IRQHandler  exti.o
    0x08001824   0x08001824   0x00000004   Code   RO         2063    i.EXTI15_10_IRQHandler  exti.o
    0x08001828   0x08001828   0x00000004   Code   RO         2064    i.EXTI1_IRQHandler  exti.o
    0x0800182c   0x0800182c   0x00000004   Code   RO         2065    i.EXTI2_IRQHandler  exti.o
    0x08001830   0x08001830   0x00000004   Code   RO         2066    i.EXTI3_IRQHandler  exti.o
    0x08001834   0x08001834   0x00000004   Code   RO         2067    i.EXTI4_IRQHandler  exti.o
    0x08001838   0x08001838   0x00000004   Code   RO         2068    i.EXTI9_5_IRQHandler  exti.o
    0x0800183c   0x0800183c   0x00000090   Code   RO         2069    i.EXTIConfig        exti.o
    0x080018cc   0x080018cc   0x00000020   Code   RO         2070    i.EXTIEnable        exti.o
    0x080018ec   0x080018ec   0x00000004   Code   RO         2071    i.EXTIHandlerInit   exti.o
    0x080018f0   0x080018f0   0x00000028   Code   RO         2072    i.EXTIInit          exti.o
    0x08001918   0x08001918   0x0000000c   Code   RO          248    i.EXTI_ClearITPendingBit  stm32f4xx_exti.o
    0x08001924   0x08001924   0x00000040   Code   RO         2074    i.EXTI_IRQHandler   exti.o
    0x08001964   0x08001964   0x00000070   Code   RO          253    i.EXTI_Init         stm32f4xx_exti.o
    0x080019d4   0x080019d4   0x00000094   Code   RO         1665    i.EnableGPIOClk     main.o
    0x08001a68   0x08001a68   0x000000a2   Code   RO          572    i.GPIO_Init         stm32f4xx_gpio.o
    0x08001b0a   0x08001b0a   0x00000020   Code   RO          573    i.GPIO_PinAFConfig  stm32f4xx_gpio.o
    0x08001b2a   0x08001b2a   0x00000012   Code   RO          581    i.GPIO_StructInit   stm32f4xx_gpio.o
    0x08001b3c   0x08001b3c   0x00000048   Code   RO         2211    i.IOConfigGPIO      io.o
    0x08001b84   0x08001b84   0x0000005c   Code   RO         2212    i.IOConfigGPIOAF    io.o
    0x08001be0   0x08001be0   0x0000006c   Code   RO         2213    i.IOGetByTag        io.o
    0x08001c4c   0x08001c4c   0x00000040   Code   RO         2214    i.IOGlobalInit      io.o
    0x08001c8c   0x08001c8c   0x0000000c   Code   RO         2215    i.IOHi              io.o
    0x08001c98   0x08001c98   0x00000006   Code   RO         2216    i.IOInit            io.o
    0x08001c9e   0x08001c9e   0x0000000e   Code   RO         2217    i.IOLo              io.o
    0x08001cac   0x08001cac   0x00000014   Code   RO         2220    i.IOToggle          io.o
    0x08001cc0   0x08001cc0   0x00000012   Code   RO         2221    i.IOWrite           io.o
    0x08001cd2   0x08001cd2   0x00000012   Code   RO         2222    i.IO_EXTI_Line      io.o
    0x08001ce4   0x08001ce4   0x00000004   Code   RO         2223    i.IO_EXTI_PinSource  io.o
    0x08001ce8   0x08001ce8   0x00000004   Code   RO         2224    i.IO_EXTI_PortSourceGPIO  io.o
    0x08001cec   0x08001cec   0x00000014   Code   RO         2226    i.IO_GPIOPinIdx     io.o
    0x08001d00   0x08001d00   0x00000018   Code   RO         2227    i.IO_GPIOPortIdx    io.o
    0x08001d18   0x08001d18   0x00000004   Code   RO         2228    i.IO_GPIO_PinSource  io.o
    0x08001d1c   0x08001d1c   0x00000088   Code   RO         2357    i.LedInit           led.o
    0x08001da4   0x08001da4   0x00000028   Code   RO         2358    i.LedSet            led.o
    0x08001dcc   0x08001dcc   0x00000010   Code   RO         2359    i.LedToggle         led.o
    0x08001ddc   0x08001ddc   0x00000064   Code   RO           13    i.NVIC_Init         misc.o
    0x08001e40   0x08001e40   0x00000014   Code   RO           14    i.NVIC_PriorityGroupConfig  misc.o
    0x08001e54   0x08001e54   0x00000018   Code   RO          904    i.RCC_AHB1PeriphClockCmd  stm32f4xx_rcc.o
    0x08001e6c   0x08001e6c   0x00000018   Code   RO          906    i.RCC_AHB1PeriphResetCmd  stm32f4xx_rcc.o
    0x08001e84   0x08001e84   0x00000018   Code   RO          907    i.RCC_AHB2PeriphClockCmd  stm32f4xx_rcc.o
    0x08001e9c   0x08001e9c   0x00000018   Code   RO          913    i.RCC_APB1PeriphClockCmd  stm32f4xx_rcc.o
    0x08001eb4   0x08001eb4   0x00000018   Code   RO          915    i.RCC_APB1PeriphResetCmd  stm32f4xx_rcc.o
    0x08001ecc   0x08001ecc   0x00000018   Code   RO          916    i.RCC_APB2PeriphClockCmd  stm32f4xx_rcc.o
    0x08001ee4   0x08001ee4   0x00000018   Code   RO          918    i.RCC_APB2PeriphResetCmd  stm32f4xx_rcc.o
    0x08001efc   0x08001efc   0x00000010   Code   RO          921    i.RCC_ClearFlag     stm32f4xx_rcc.o
    0x08001f0c   0x08001f0c   0x00000024   Code   RO         2396    i.RCC_ClockCmd      rcc.o
    0x08001f30   0x08001f30   0x00000090   Code   RO          925    i.RCC_GetClocksFreq  stm32f4xx_rcc.o
    0x08001fc0   0x08001fc0   0x00000024   Code   RO         2397    i.RCC_ResetCmd      rcc.o
    0x08001fe4   0x08001fe4   0x00000020   Code   RO         3444    i.ResetLedStatusConfig  config.o
    0x08002004   0x08002004   0x0000003c   Code   RO         3445    i.ResetSerialConfig  config.o
    0x08002040   0x08002040   0x00000064   Code   RO         3446    i.ResetSerialPinConfig  config.o
    0x080020a4   0x080020a4   0x00000014   Code   RO         1248    i.SPI_Cmd           stm32f4xx_spi.o
    0x080020b8   0x080020b8   0x00000084   Code   RO         1255    i.SPI_I2S_DeInit    stm32f4xx_spi.o
    0x0800213c   0x0800213c   0x0000000e   Code   RO         1256    i.SPI_I2S_GetFlagStatus  stm32f4xx_spi.o
    0x0800214a   0x0800214a   0x00000004   Code   RO         1259    i.SPI_I2S_ReceiveData  stm32f4xx_spi.o
    0x0800214e   0x0800214e   0x00000004   Code   RO         1260    i.SPI_I2S_SendData  stm32f4xx_spi.o
    0x08002152   0x08002152   0x00000038   Code   RO         1261    i.SPI_Init          stm32f4xx_spi.o
    0x0800218a   0x0800218a   0x00000002   PAD
    0x0800218c   0x0800218c   0x00000030   Code   RO         1416    i.SYSCFG_EXTILineConfig  stm32f4xx_syscfg.o
    0x080021bc   0x080021bc   0x000000b4   Code   RO         1861    i.SetSysClock       system_stm32f4xx.o
    0x08002270   0x08002270   0x00000024   Code   RO         1904    i.SysTick_Handler   system.o
    0x08002294   0x08002294   0x00000024   Code   RO         1905    i.SysTick_Init      system.o
    0x080022b8   0x080022b8   0x0000005c   Code   RO         1863    i.SystemInit        system_stm32f4xx.o
    0x08002314   0x08002314   0x00000010   Code   RO         2595    i.USART1_IRQHandler  serial_uart_stm32f4xx.o
    0x08002324   0x08002324   0x00000010   Code   RO         2596    i.USART2_IRQHandler  serial_uart_stm32f4xx.o
    0x08002334   0x08002334   0x00000010   Code   RO         2597    i.USART3_IRQHandler  serial_uart_stm32f4xx.o
    0x08002344   0x08002344   0x00000010   Code   RO         2598    i.USART6_IRQHandler  serial_uart_stm32f4xx.o
    0x08002354   0x08002354   0x0000000c   Code   RO         1474    i.USART_ClearITPendingBit  stm32f4xx_usart.o
    0x08002360   0x08002360   0x00000014   Code   RO         1477    i.USART_Cmd         stm32f4xx_usart.o
    0x08002374   0x08002374   0x00000010   Code   RO         1478    i.USART_DMACmd      stm32f4xx_usart.o
    0x08002384   0x08002384   0x0000003e   Code   RO         1481    i.USART_GetITStatus  stm32f4xx_usart.o
    0x080023c2   0x080023c2   0x00000014   Code   RO         1482    i.USART_HalfDuplexCmd  stm32f4xx_usart.o
    0x080023d6   0x080023d6   0x00000030   Code   RO         1483    i.USART_ITConfig    stm32f4xx_usart.o
    0x08002406   0x08002406   0x00000002   PAD
    0x08002408   0x08002408   0x000000ac   Code   RO         1484    i.USART_Init        stm32f4xx_usart.o
    0x080024b4   0x080024b4   0x00000008   Code   RO         1494    i.USART_SendData    stm32f4xx_usart.o
    0x080024bc   0x080024bc   0x00000030   Code   RO         4171    i.__ARM_fpclassify  m_wm.l(fpclassify.o)
    0x080024ec   0x080024ec   0x00000026   Code   RO         4089    i.__ARM_fpclassifyf  m_wm.l(fpclassifyf.o)
    0x08002512   0x08002512   0x00000002   PAD
    0x08002514   0x08002514   0x00000150   Code   RO         4002    i.__hardfp_cosf     m_wm.l(cosf.o)
    0x08002664   0x08002664   0x00000164   Code   RO         4014    i.__hardfp_log2f    m_wm.l(log2f.o)
    0x080027c8   0x080027c8   0x00000664   Code   RO         4028    i.__hardfp_powf     m_wm.l(powf.o)
    0x08002e2c   0x08002e2c   0x00000190   Code   RO         4042    i.__hardfp_sinf     m_wm.l(sinf.o)
    0x08002fbc   0x08002fbc   0x0000003a   Code   RO         4054    i.__hardfp_sqrtf    m_wm.l(sqrtf.o)
    0x08002ff6   0x08002ff6   0x00000002   PAD
    0x08002ff8   0x08002ff8   0x00000014   Code   RO         4091    i.__mathlib_flt_divzero  m_wm.l(funder.o)
    0x0800300c   0x0800300c   0x00000006   Code   RO         4092    i.__mathlib_flt_infnan  m_wm.l(funder.o)
    0x08003012   0x08003012   0x00000006   Code   RO         4093    i.__mathlib_flt_infnan2  m_wm.l(funder.o)
    0x08003018   0x08003018   0x00000010   Code   RO         4094    i.__mathlib_flt_invalid  m_wm.l(funder.o)
    0x08003028   0x08003028   0x00000010   Code   RO         4095    i.__mathlib_flt_overflow  m_wm.l(funder.o)
    0x08003038   0x08003038   0x00000010   Code   RO         4097    i.__mathlib_flt_underflow  m_wm.l(funder.o)
    0x08003048   0x08003048   0x00000154   Code   RO         4105    i.__mathlib_rredf2  m_wm.l(rredf.o)
    0x0800319c   0x0800319c   0x0000000e   Code   RO         3952    i._is_digit         c_w.l(__printf_wp.o)
    0x080031aa   0x080031aa   0x00000042   Code   RO         3801    i.biquadFilterApply  filter.o
    0x080031ec   0x080031ec   0x000000f0   Code   RO         3802    i.biquadFilterInit  filter.o
    0x080032dc   0x080032dc   0x00000034   Code   RO         3803    i.biquadFilterInitLPF  filter.o
    0x08003310   0x08003310   0x00000016   Code   RO         1906    i.delay             system.o
    0x08003326   0x08003326   0x00000002   PAD
    0x08003328   0x08003328   0x00000018   Code   RO         1907    i.delayMicroseconds  system.o
    0x08003340   0x08003340   0x00000006   Code   RO         3768    i.devClear          maths.o
    0x08003346   0x08003346   0x00000002   PAD
    0x08003348   0x08003348   0x00000058   Code   RO         3769    i.devPush           maths.o
    0x080033a0   0x080033a0   0x0000000e   Code   RO         3770    i.devStandardDeviation  maths.o
    0x080033ae   0x080033ae   0x00000002   PAD
    0x080033b0   0x080033b0   0x00000024   Code   RO         3771    i.devVariance       maths.o
    0x080033d4   0x080033d4   0x00000058   Code   RO         3804    i.filterGetNotchQ   filter.o
    0x0800342c   0x0800342c   0x00000028   Code   RO         2426    i.findNextSerialPortConfig  serial.o
    0x08003454   0x08003454   0x00000010   Code   RO         2427    i.findSerialPortConfig  serial.o
    0x08003464   0x08003464   0x0000001c   Code   RO         2428    i.findSerialPortIndexByIdentifier  serial.o
    0x08003480   0x08003480   0x00000028   Code   RO         2429    i.findSerialPortUsageByIdentifier  serial.o
    0x080034a8   0x080034a8   0x0000000e   Code   RO         1666    i.fputc             main.o
    0x080034b6   0x080034b6   0x00000002   PAD
    0x080034b8   0x080034b8   0x00000024   Code   RO         3639    i.gyroCalculateCalibratingCycles  gyro.o
    0x080034dc   0x080034dc   0x00000088   Code   RO         3640    i.gyroInit          gyro.o
    0x08003564   0x08003564   0x00000188   Code   RO         3641    i.gyroInitFilters   gyro.o
    0x080036ec   0x080036ec   0x00000006   Code   RO         3322    i.gyroMPU6xxxGetDividerDrops  gyro_sync.o
    0x080036f2   0x080036f2   0x00000002   PAD
    0x080036f4   0x080036f4   0x00000010   Code   RO         3642    i.gyroSetCalibrationCycles  gyro.o
    0x08003704   0x08003704   0x00000054   Code   RO         3323    i.gyroSetSampleRate  gyro_sync.o
    0x08003758   0x08003758   0x000000b8   Code   RO         3643    i.gyroUpdate        gyro.o
    0x08003810   0x08003810   0x00000014   Code   RO         3644    i.isGyroCalibrationComplete  gyro.o
    0x08003824   0x08003824   0x00000010   Code   RO         3645    i.isOnFinalGyroCalibrationCycle  gyro.o
    0x08003834   0x08003834   0x0000001a   Code   RO         2509    i.isUartTransmitBufferEmpty  serial_uart.o
    0x0800384e   0x0800384e   0x00000002   PAD
    0x08003850   0x08003850   0x00000140   Code   RO         1667    i.main              main.o
    0x08003990   0x08003990   0x00000054   Code   RO         1908    i.micros            system.o
    0x080039e4   0x080039e4   0x0000004c   Code   RO         1909    i.microsISR         system.o
    0x08003a30   0x08003a30   0x00000174   Code   RO         2948    i.mpu9250AccAndGyroInit  accgyro_spi_mpu9250.o
    0x08003ba4   0x08003ba4   0x00000040   Code   RO         2949    i.mpu9250ReadRegister  accgyro_spi_mpu9250.o
    0x08003be4   0x08003be4   0x00000014   Code   RO         2950    i.mpu9250ResetGyro  accgyro_spi_mpu9250.o
    0x08003bf8   0x08003bf8   0x0000004c   Code   RO         2951    i.mpu9250SlowReadRegister  accgyro_spi_mpu9250.o
    0x08003c44   0x08003c44   0x00000094   Code   RO         2952    i.mpu9250SpiDetect  accgyro_spi_mpu9250.o
    0x08003cd8   0x08003cd8   0x00000034   Code   RO         2953    i.mpu9250SpiGyroDetect  accgyro_spi_mpu9250.o
    0x08003d0c   0x08003d0c   0x00000084   Code   RO         2954    i.mpu9250SpiGyroInit  accgyro_spi_mpu9250.o
    0x08003d90   0x08003d90   0x00000040   Code   RO         2955    i.mpu9250WriteRegister  accgyro_spi_mpu9250.o
    0x08003dd0   0x08003dd0   0x00000012   Code   RO         2880    i.mpuCheckDataReady  accgyro_mpu.o
    0x08003de2   0x08003de2   0x00000002   PAD
    0x08003de4   0x08003de4   0x00000068   Code   RO         2881    i.mpuDetect         accgyro_mpu.o
    0x08003e4c   0x08003e4c   0x0000004c   Code   RO         2882    i.mpuGyroInit       accgyro_mpu.o
    0x08003e98   0x08003e98   0x00000030   Code   RO         2883    i.mpuGyroRead       accgyro_mpu.o
    0x08003ec8   0x08003ec8   0x00000012   Code   RO         2884    i.mpuIntExtiHandler  accgyro_mpu.o
    0x08003eda   0x08003eda   0x00000002   Code   RO         3805    i.nullFilterApply   filter.o
    0x08003edc   0x08003edc   0x00000080   Code   RO         2431    i.openSerialPort    serial.o
    0x08003f5c   0x08003f5c   0x00000170   Code   RO         3646    i.performGyroCalibration  gyro.o
    0x080040cc   0x080040cc   0x00000016   Code   RO         3806    i.pt1FilterApply    filter.o
    0x080040e2   0x080040e2   0x00000002   PAD
    0x080040e4   0x080040e4   0x00000034   Code   RO         3808    i.pt1FilterInit     filter.o
    0x08004118   0x08004118   0x0000002c   Code   RO         2721    i.rxSerial3TestInit  rxserial3test.o
    0x08004144   0x08004144   0x00000010   Code   RO         2723    i.rxSerial3TestWrite  rxserial3test.o
    0x08004154   0x08004154   0x00000010   Code   RO         3555    i.sensorSet         runtime_config.o
    0x08004164   0x08004164   0x00000020   Code   RO         3592    i.sensorsAutodetect  initialisation.o
    0x08004184   0x08004184   0x00000034   Code   RO         2432    i.serialInit        serial.o
    0x080041b8   0x080041b8   0x00000110   Code   RO         2599    i.serialUART        serial_uart_stm32f4xx.o
    0x080042c8   0x080042c8   0x0000000c   Code   RO         2600    i.serialUART1       serial_uart_stm32f4xx.o
    0x080042d4   0x080042d4   0x0000000c   Code   RO         2601    i.serialUART2       serial_uart_stm32f4xx.o
    0x080042e0   0x080042e0   0x0000000c   Code   RO         2602    i.serialUART3       serial_uart_stm32f4xx.o
    0x080042ec   0x080042ec   0x0000000c   Code   RO         2603    i.serialUART6       serial_uart_stm32f4xx.o
    0x080042f8   0x080042f8   0x00000006   Code   RO         2434    i.serialWrite       serial.o
    0x080042fe   0x080042fe   0x00000002   PAD
    0x08004300   0x08004300   0x00000030   Code   RO         2759    i.spiDeviceByInstance  bus_spi.o
    0x08004330   0x08004330   0x0000001c   Code   RO         2760    i.spiGetErrorCounter  bus_spi.o
    0x0800434c   0x0800434c   0x0000001a   Code   RO         2761    i.spiInit           bus_spi.o
    0x08004366   0x08004366   0x00000002   PAD
    0x08004368   0x08004368   0x00000118   Code   RO         2762    i.spiInitDevice     bus_spi.o
    0x08004480   0x08004480   0x0000001c   Code   RO         2763    i.spiResetErrorCounter  bus_spi.o
    0x0800449c   0x0800449c   0x0000008a   Code   RO         2764    i.spiSetDivisor     bus_spi.o
    0x08004526   0x08004526   0x00000002   PAD
    0x08004528   0x08004528   0x00000024   Code   RO         2765    i.spiTimeoutUserCallback  bus_spi.o
    0x0800454c   0x0800454c   0x000000c8   Code   RO         2766    i.spiTransfer       bus_spi.o
    0x08004614   0x08004614   0x00000052   Code   RO         2767    i.spiTransferByte   bus_spi.o
    0x08004666   0x08004666   0x00000002   PAD
    0x08004668   0x08004668   0x00000050   Code   RO         1668    i.systemInit        main.o
    0x080046b8   0x080046b8   0x0000003e   Code   RO         3455    i.targetConfiguration  config.o
    0x080046f6   0x080046f6   0x00000096   Code   RO         2604    i.uartIrqHandler    serial_uart_stm32f4xx.o
    0x0800478c   0x0800478c   0x0000018c   Code   RO         2510    i.uartOpen          serial_uart.o
    0x08004918   0x08004918   0x0000002c   Code   RO         2511    i.uartRead          serial_uart.o
    0x08004944   0x08004944   0x0000008c   Code   RO         2512    i.uartReconfigure   serial_uart.o
    0x080049d0   0x080049d0   0x00000006   Code   RO         2513    i.uartSetBaudRate   serial_uart.o
    0x080049d6   0x080049d6   0x00000006   Code   RO         2514    i.uartSetMode       serial_uart.o
    0x080049dc   0x080049dc   0x0000004a   Code   RO         2515    i.uartStartTxDMA    serial_uart.o
    0x08004a26   0x08004a26   0x00000018   Code   RO         2516    i.uartTotalRxBytesWaiting  serial_uart.o
    0x08004a3e   0x08004a3e   0x00000026   Code   RO         2517    i.uartTotalTxBytesFree  serial_uart.o
    0x08004a64   0x08004a64   0x00000030   Code   RO         2518    i.uartWrite         serial_uart.o
    0x08004a94   0x08004a94   0x00000040   Code   RO         2956    i.verifyMPU9250WriteRegister  accgyro_spi_mpu9250.o
    0x08004ad4   0x08004ad4   0x0000002c   Code   RO         4169    locale$$code        c_w.l(lc_numeric_c.o)
    0x08004b00   0x08004b00   0x0000000c   Code   RO         4080    x$fpl$dretinf       fz_wm.l(dretinf.o)
    0x08004b0c   0x08004b0c   0x00000056   Code   RO         3998    x$fpl$f2d           fz_wm.l(f2d.o)
    0x08004b62   0x08004b62   0x0000008c   Code   RO         4082    x$fpl$fnaninf       fz_wm.l(fnaninf.o)
    0x08004bee   0x08004bee   0x0000000a   Code   RO         4239    x$fpl$fpinit        fz_wm.l(fpinit.o)
    0x08004bf8   0x08004bf8   0x00000004   Code   RO         4000    x$fpl$printf1       fz_wm.l(printf1.o)
    0x08004bfc   0x08004bfc   0x00000000   Code   RO         4088    x$fpl$usenofp       fz_wm.l(usenofp.o)
    0x08004bfc   0x08004bfc   0x00000005   Data   RO         1669    .constdata          main.o
    0x08004c01   0x08004c01   0x00000017   Data   RO         2076    .constdata          exti.o
    0x08004c18   0x08004c18   0x00000016   Data   RO         2232    .constdata          io.o
    0x08004c2e   0x08004c2e   0x00000004   Data   RO         2436    .constdata          serial.o
    0x08004c32   0x08004c32   0x00000002   PAD
    0x08004c34   0x08004c34   0x00000028   Data   RO         2519    .constdata          serial_uart.o
    0x08004c5c   0x08004c5c   0x0000001a   Data   RO         2768    .constdata          bus_spi.o
    0x08004c76   0x08004c76   0x00000033   Data   RO         2885    .constdata          accgyro_mpu.o
    0x08004ca9   0x08004ca9   0x00000029   Data   RO         2957    .constdata          accgyro_spi_mpu9250.o
    0x08004cd2   0x08004cd2   0x00000018   Data   RO         3648    .constdata          gyro.o
    0x08004cea   0x08004cea   0x00000028   Data   RO         3925    .constdata          c_w.l(_printf_hex_int.o)
    0x08004d12   0x08004d12   0x00000002   PAD
    0x08004d14   0x08004d14   0x00000040   Data   RO         4017    .constdata          m_wm.l(log2f.o)
    0x08004d54   0x08004d54   0x00000140   Data   RO         4031    .constdata          m_wm.l(powf.o)
    0x08004e94   0x08004e94   0x00000020   Data   RO         4106    .constdata          m_wm.l(rredf.o)
    0x08004eb4   0x08004eb4   0x00000094   Data   RO         4140    .constdata          c_w.l(bigflt0.o)
    0x08004f48   0x08004f48   0x0000010d   Data   RO         1670    .conststring        main.o
    0x08005055   0x08005055   0x00000003   PAD
    0x08005058   0x08005058   0x00000020   Data   RO         4314    Region$$Table       anon$$obj.o
    0x08005078   0x08005078   0x0000001c   Data   RO         4168    locale$$data        c_w.l(lc_numeric_c.o)


    Execution Region RW_IRAM1 (Exec base: 0x20000000, Load base: 0x08005094, Size: 0x00001eb0, Max: 0x00020000, ABSOLUTE, COMPRESSED[0x000000a0])

    Exec Addr    Load Addr    Size         Type   Attr      Idx    E Section Name        Object

    0x20000000   COMPRESSED   0x00000010   Data   RW          957    .data               stm32f4xx_rcc.o
    0x20000010   COMPRESSED   0x00000001   Data   RW         1671    .data               main.o
    0x20000011   COMPRESSED   0x00000003   PAD
    0x20000014   COMPRESSED   0x00000004   Data   RW         1675    .data               main.o
    0x20000018   COMPRESSED   0x00000014   Data   RW         1865    .data               system_stm32f4xx.o
    0x2000002c   COMPRESSED   0x0000000c   Data   RW         1912    .data               system.o
    0x20000038   COMPRESSED   0x00000007   Data   RW         2077    .data               exti.o
    0x2000003f   COMPRESSED   0x00000001   Data   RW         2361    .data               led.o
    0x20000040   COMPRESSED   0x00000008   Data   RW         2438    .data               serial.o
    0x20000048   COMPRESSED   0x0000047c   Data   RW         2605    .data               serial_uart_stm32f4xx.o
    0x200004c4   COMPRESSED   0x0000047c   Data   RW         2606    .data               serial_uart_stm32f4xx.o
    0x20000940   COMPRESSED   0x0000047c   Data   RW         2607    .data               serial_uart_stm32f4xx.o
    0x20000dbc   COMPRESSED   0x0000047c   Data   RW         2608    .data               serial_uart_stm32f4xx.o
    0x20001238   COMPRESSED   0x00000018   Data   RW         2609    .data               serial_uart_stm32f4xx.o
    0x20001250   COMPRESSED   0x00000004   Data   RW         2724    .data               rxserial3test.o
    0x20001254   COMPRESSED   0x00000010   Data   RW         2769    .data               bus_spi.o
    0x20001264   COMPRESSED   0x00000004   Data   RW         2886    .data               accgyro_mpu.o
    0x20001268   COMPRESSED   0x00000008   Data   RW         2958    .data               accgyro_spi_mpu9250.o
    0x20001270   COMPRESSED   0x00000004   Data   RW         3558    .data               runtime_config.o
    0x20001274   COMPRESSED   0x00000004   Data   RW         3593    .data               initialisation.o
    0x20001278   COMPRESSED   0x00000014   Data   RW         3649    .data               gyro.o
    0x2000128c        -       0x00000010   Zero   RW         1911    .bss                system.o
    0x2000129c        -       0x00000040   Zero   RW         2075    .bss                exti.o
    0x200012dc        -       0x00000280   Zero   RW         2231    .bss                io.o
    0x2000155c        -       0x00000010   Zero   RW         2360    .bss                led.o
    0x2000156c        -       0x00000030   Zero   RW         2435    .bss                serial.o
    0x2000159c        -       0x0000006c   Zero   RW         3456    .bss                config.o
    0x20001608        -       0x00000208   Zero   RW         3647    .bss                gyro.o
    0x20001810        -       0x00000040   Zero   RW         3732    .bss                acceleration.o
    0x20001850        -       0x00000060   Zero   RW         4174    .bss                c_w.l(libspace.o)
    0x200018b0        -       0x00000200   Zero   RW            2    HEAP                startup_stm32f407xx.o
    0x20001ab0        -       0x00000400   Zero   RW            1    STACK               startup_stm32f407xx.o


==============================================================================

Image component sizes


      Code (inc. data)   RO Data    RW Data    ZI Data      Debug   Object Name

         0          0          0          0         64       1174   acceleration.o
       264         42         51          4          0      10203   accgyro_mpu.o
       992        302         41          8          0      13145   accgyro_spi_mpu9250.o
       866        104         26         16          0       8769   bus_spi.o
         0          0          0          0          0       3848   button.o
       370         20          0          0        108       6396   config.o
       312         32         23          7         64       7758   exti.o
       522         20          0          0          0       6442   filter.o
         0          0          0          0          0       3282   gps.o
      1168        168         24         20        520       9592   gyro.o
        90         12          0          0          0       1761   gyro_sync.o
        32          6          0          4          0       4219   initialisation.o
       480         38         22          0        640      18111   io.o
       192         22          0          1         16       2387   led.o
       562        112        274          5          0      47045   main.o
       144         10          0          0          0       3194   maths.o
       120         14          0          0          0     288075   misc.o
        72          0          0          0          0       1318   rcc.o
        16          6          0          4          0        728   runtime_config.o
        60         10          0          4          0       1725   rxserial3test.o
       310         50          4          8         48       8994   serial.o
       802         18         40          0          0       9081   serial_uart.o
       534         32          0       4616          0       8046   serial_uart_stm32f4xx.o
        64         26        392          0       1536        900   startup_stm32f407xx.o
       494         24          0          0          0       6889   stm32f4xx_dma.o
       124         10          0          0          0       1737   stm32f4xx_exti.o
       212          0          0          0          0       2589   stm32f4xx_gpio.o
       328         58          0         16          0       8399   stm32f4xx_rcc.o
       230         24          0          0          0      12971   stm32f4xx_spi.o
        48          6          0          0          0        740   stm32f4xx_syscfg.o
       358          8          0          0          0       6726   stm32f4xx_usart.o
       278         32          0         12         16       6681   system.o
       272         36          0         20          0       2137   system_stm32f4xx.o

    ----------------------------------------------------------------------
     10346       1242        934       4748       3012     515062   Object Totals
         0          0         32          0          0          0   (incl. Generated)
        30          0          5          3          0          0   (incl. Padding)

    ----------------------------------------------------------------------

      Code (inc. data)   RO Data    RW Data    ZI Data      Debug   Library Member Name

        90          0          0          0          0          0   __dczerorl2.o
         8          0          0          0          0         68   __main.o
       284          0          0          0          0        156   __printf_wp.o
         0          0          0          0          0          0   __rtentry.o
        12          0          0          0          0          0   __rtentry2.o
         6          0          0          0          0          0   __rtentry4.o
        52          8          0          0          0          0   __scatter.o
        28          0          0          0          0          0   __scatter_zi.o
        44          0          0          0          0        108   _printf_char.o
        48          6          0          0          0         96   _printf_char_common.o
        36          4          0          0          0         80   _printf_char_file.o
         6          0          0          0          0          0   _printf_d.o
       120         16          0          0          0         92   _printf_dec.o
         6          0          0          0          0          0   _printf_f.o
      1054          0          0          0          0        216   _printf_fp_dec.o
       128         16          0          0          0         84   _printf_fp_infnan.o
        88          4         40          0          0         88   _printf_hex_int.o
       178          0          0          0          0         88   _printf_intcommon.o
         0          0          0          0          0          0   _printf_percent.o
         4          0          0          0          0          0   _printf_percent_end.o
         6          0          0          0          0          0   _printf_s.o
        82          0          0          0          0         80   _printf_str.o
         6          0          0          0          0          0   _printf_u.o
         6          0          0          0          0          0   _printf_x.o
        22          0          0          0          0        100   _rserrno.o
        16          0          0          0          0         68   aeabi_memset.o
       228          4        148          0          0         96   bigflt0.o
      1936        128          0          0          0        672   btod.o
        18          0          0          0          0         80   exit.o
         8          0          0          0          0         68   ferror.o
         6          0          0          0          0        152   heapauxi.o
         0          0          0          0          0          0   indicate_semi.o
        44         10         28          0          0         76   lc_numeric_c.o
         2          0          0          0          0          0   libinit.o
        22          0          0          0          0          0   libinit2.o
         2          0          0          0          0          0   libshutdown.o
         2          0          0          0          0          0   libshutdown2.o
         8          4          0          0         96         68   libspace.o
       138          0          0          0          0         80   lludiv10.o
        24          4          0          0          0         84   noretval__2printf.o
         8          4          0          0          0         68   rt_errno_addr_intlibspace.o
         8          4          0          0          0         68   rt_locale_intlibspace.o
        68          0          0          0          0         68   rt_memclr.o
        78          0          0          0          0         80   rt_memclr_w.o
         2          0          0          0          0          0   rtexit.o
        10          0          0          0          0          0   rtexit2.o
       128          0          0          0          0         68   strcmpv7m.o
        12          4          0          0          0         68   sys_exit.o
        74          0          0          0          0         80   sys_stackheap_outer.o
         2          0          0          0          0         68   use_no_semi.o
        12          0          0          0          0        116   dretinf.o
        86          4          0          0          0        132   f2d.o
       140          4          0          0          0        132   fnaninf.o
        10          0          0          0          0        116   fpinit.o
         4          0          0          0          0        116   printf1.o
         0          0          0          0          0          0   usenofp.o
       336         56          0          0          0        136   cosf.o
        48          0          0          0          0        124   fpclassify.o
        38          0          0          0          0        116   fpclassifyf.o
        80         24          0          0          0        696   funder.o
       356         44         64          0          0        140   log2f.o
      1636        110        320          0          0        372   powf.o
       340         24         32          0          0        160   rredf.o
       400         56          0          0          0        212   sinf.o
        58          0          0          0          0        136   sqrtf.o

    ----------------------------------------------------------------------
      8714        538        634          0         96       5972   Library Totals
        12          0          2          0          0          0   (incl. Padding)

    ----------------------------------------------------------------------

      Code (inc. data)   RO Data    RW Data    ZI Data      Debug   Library Name

      5158        216        216          0         96       3268   c_w.l
       252          8          0          0          0        612   fz_wm.l
      3292        314        416          0          0       2092   m_wm.l

    ----------------------------------------------------------------------
      8714        538        634          0         96       5972   Library Totals

    ----------------------------------------------------------------------

==============================================================================


      Code (inc. data)   RO Data    RW Data    ZI Data      Debug   

     19060       1780       1568       4748       3108     502514   Grand Totals
     19060       1780       1568        160       3108     502514   ELF Image Totals (compressed)
     19060       1780       1568        160          0          0   ROM Totals

==============================================================================

    Total RO  Size (Code + RO Data)                20628 (  20.14kB)
    Total RW  Size (RW Data + ZI Data)              7856 (   7.67kB)
    Total ROM Size (Code + RO Data + RW Data)      20788 (  20.30kB)

==============================================================================

